Archive member included to satisfy reference by file (symbol)

/usr/lib/gcc/arm-none-eabi/13.2.1/../../../arm-none-eabi/lib/thumb/v8-m.main+fp/hard/libc.a(libc_a-memset.o)
                              /usr/lib/gcc/arm-none-eabi/13.2.1/../../../arm-none-eabi/lib/thumb/v8-m.main+fp/hard/rdimon-crt0.o (memset)
/usr/lib/gcc/arm-none-eabi/13.2.1/../../../arm-none-eabi/lib/thumb/v8-m.main+fp/hard/libc.a(libc_a-init.o)
                              /usr/lib/gcc/arm-none-eabi/13.2.1/../../../arm-none-eabi/lib/thumb/v8-m.main+fp/hard/rdimon-crt0.o (__libc_init_array)
/usr/lib/gcc/arm-none-eabi/13.2.1/../../../arm-none-eabi/lib/thumb/v8-m.main+fp/hard/libc.a(libc_a-exit.o)
                              /usr/lib/gcc/arm-none-eabi/13.2.1/../../../arm-none-eabi/lib/thumb/v8-m.main+fp/hard/rdimon-crt0.o (exit)
/usr/lib/gcc/arm-none-eabi/13.2.1/../../../arm-none-eabi/lib/thumb/v8-m.main+fp/hard/libc.a(libc_a-atexit.o)
                              /usr/lib/gcc/arm-none-eabi/13.2.1/../../../arm-none-eabi/lib/thumb/v8-m.main+fp/hard/rdimon-crt0.o (atexit)
/usr/lib/gcc/arm-none-eabi/13.2.1/../../../arm-none-eabi/lib/thumb/v8-m.main+fp/hard/libc.a(libc_a-fini.o)
                              /usr/lib/gcc/arm-none-eabi/13.2.1/../../../arm-none-eabi/lib/thumb/v8-m.main+fp/hard/rdimon-crt0.o (__libc_fini_array)
/usr/lib/gcc/arm-none-eabi/13.2.1/../../../arm-none-eabi/lib/thumb/v8-m.main+fp/hard/libc.a(libc_a-__call_atexit.o)
                              /usr/lib/gcc/arm-none-eabi/13.2.1/../../../arm-none-eabi/lib/thumb/v8-m.main+fp/hard/libc.a(libc_a-exit.o) (__call_exitprocs)
/usr/lib/gcc/arm-none-eabi/13.2.1/../../../arm-none-eabi/lib/thumb/v8-m.main+fp/hard/libc.a(libc_a-__atexit.o)
                              /usr/lib/gcc/arm-none-eabi/13.2.1/../../../arm-none-eabi/lib/thumb/v8-m.main+fp/hard/libc.a(libc_a-atexit.o) (__register_exitproc)
/usr/lib/gcc/arm-none-eabi/13.2.1/../../../arm-none-eabi/lib/thumb/v8-m.main+fp/hard/libc.a(libc_a-findfp.o)
                              /usr/lib/gcc/arm-none-eabi/13.2.1/../../../arm-none-eabi/lib/thumb/v8-m.main+fp/hard/libc.a(libc_a-exit.o) (__stdio_exit_handler)
/usr/lib/gcc/arm-none-eabi/13.2.1/../../../arm-none-eabi/lib/thumb/v8-m.main+fp/hard/libc.a(libc_a-fwalk.o)
                              /usr/lib/gcc/arm-none-eabi/13.2.1/../../../arm-none-eabi/lib/thumb/v8-m.main+fp/hard/libc.a(libc_a-findfp.o) (_fwalk_sglue)
/usr/lib/gcc/arm-none-eabi/13.2.1/../../../arm-none-eabi/lib/thumb/v8-m.main+fp/hard/libc.a(libc_a-impure.o)
                              /usr/lib/gcc/arm-none-eabi/13.2.1/../../../arm-none-eabi/lib/thumb/v8-m.main+fp/hard/libc.a(libc_a-findfp.o) (_impure_data)
/usr/lib/gcc/arm-none-eabi/13.2.1/../../../arm-none-eabi/lib/thumb/v8-m.main+fp/hard/libc.a(libc_a-mallocr.o)
                              /usr/lib/gcc/arm-none-eabi/13.2.1/../../../arm-none-eabi/lib/thumb/v8-m.main+fp/hard/libc.a(libc_a-findfp.o) (_malloc_r)
/usr/lib/gcc/arm-none-eabi/13.2.1/../../../arm-none-eabi/lib/thumb/v8-m.main+fp/hard/libc.a(libc_a-freer.o)
                              /usr/lib/gcc/arm-none-eabi/13.2.1/../../../arm-none-eabi/lib/thumb/v8-m.main+fp/hard/libc.a(libc_a-mallocr.o) (_free_r)
/usr/lib/gcc/arm-none-eabi/13.2.1/../../../arm-none-eabi/lib/thumb/v8-m.main+fp/hard/libc.a(libc_a-fclose.o)
                              /usr/lib/gcc/arm-none-eabi/13.2.1/../../../arm-none-eabi/lib/thumb/v8-m.main+fp/hard/libc.a(libc_a-findfp.o) (_fclose_r)
/usr/lib/gcc/arm-none-eabi/13.2.1/../../../arm-none-eabi/lib/thumb/v8-m.main+fp/hard/libc.a(libc_a-sysconf.o)
                              /usr/lib/gcc/arm-none-eabi/13.2.1/../../../arm-none-eabi/lib/thumb/v8-m.main+fp/hard/libc.a(libc_a-mallocr.o) (sysconf)
/usr/lib/gcc/arm-none-eabi/13.2.1/../../../arm-none-eabi/lib/thumb/v8-m.main+fp/hard/libc.a(libc_a-stdio.o)
                              /usr/lib/gcc/arm-none-eabi/13.2.1/../../../arm-none-eabi/lib/thumb/v8-m.main+fp/hard/libc.a(libc_a-findfp.o) (__sread)
/usr/lib/gcc/arm-none-eabi/13.2.1/../../../arm-none-eabi/lib/thumb/v8-m.main+fp/hard/libc.a(libc_a-writer.o)
                              /usr/lib/gcc/arm-none-eabi/13.2.1/../../../arm-none-eabi/lib/thumb/v8-m.main+fp/hard/libc.a(libc_a-stdio.o) (_write_r)
/usr/lib/gcc/arm-none-eabi/13.2.1/../../../arm-none-eabi/lib/thumb/v8-m.main+fp/hard/libc.a(libc_a-mlock.o)
                              /usr/lib/gcc/arm-none-eabi/13.2.1/../../../arm-none-eabi/lib/thumb/v8-m.main+fp/hard/libc.a(libc_a-mallocr.o) (__malloc_lock)
/usr/lib/gcc/arm-none-eabi/13.2.1/../../../arm-none-eabi/lib/thumb/v8-m.main+fp/hard/libc.a(libc_a-sbrkr.o)
                              /usr/lib/gcc/arm-none-eabi/13.2.1/../../../arm-none-eabi/lib/thumb/v8-m.main+fp/hard/libc.a(libc_a-mallocr.o) (_sbrk_r)
/usr/lib/gcc/arm-none-eabi/13.2.1/../../../arm-none-eabi/lib/thumb/v8-m.main+fp/hard/libc.a(libc_a-closer.o)
                              /usr/lib/gcc/arm-none-eabi/13.2.1/../../../arm-none-eabi/lib/thumb/v8-m.main+fp/hard/libc.a(libc_a-stdio.o) (_close_r)
[...]
Memory Configuration

Name             Origin             Length             Attributes
RAM              0x20000000         0x000c0000         xrw
ROM              0x08000000         0x00200000         xr
SRAM4            0x28000000         0x00004000         xrw
*default*        0x00000000         0xffffffff

Linker script and memory map

LOAD /usr/lib/gcc/arm-none-eabi/13.2.1/thumb/v8-m.main+fp/hard/crti.o
LOAD /usr/lib/gcc/arm-none-eabi/13.2.1/thumb/v8-m.main+fp/hard/crtbegin.o
LOAD /usr/lib/gcc/arm-none-eabi/13.2.1/../../../arm-none-eabi/lib/thumb/v8-m.main+fp/hard/rdimon-crt0.o
LOAD build/main.o
LOAD build/stm32u5xx_it.o
LOAD build/stm32u5xx_hal_msp.o
LOAD build/stm32u5xx_hal_cortex.o
LOAD build/stm32u5xx_hal.o
LOAD build/stm32u5xx_hal_i2c.o
LOAD build/stm32u5xx_hal_i2c_ex.o
LOAD build/stm32u5xx_hal_rcc.o
LOAD build/stm32u5xx_hal_rcc_ex.o
LOAD build/stm32u5xx_hal_flash.o
LOAD build/stm32u5xx_hal_flash_ex.o
LOAD build/stm32u5xx_hal_gpio.o
LOAD build/stm32u5xx_hal_dma.o
LOAD build/stm32u5xx_hal_dma_ex.o
LOAD build/stm32u5xx_hal_exti.o
LOAD build/stm32u5xx_hal_pwr.o
LOAD build/stm32u5xx_hal_pwr_ex.o
LOAD build/stm32u5xx_hal_gtzc.o
LOAD build/stm32u5xx_hal_icache.o
LOAD build/system_stm32u5xx.o
LOAD build/startup_stm32u575xx.o
LOAD /usr/lib/gcc/arm-none-eabi/13.2.1/../../../arm-none-eabi/lib/thumb/v8-m.main+fp/hard/libc.a
LOAD /usr/lib/gcc/arm-none-eabi/13.2.1/../../../arm-none-eabi/lib/thumb/v8-m.main+fp/hard/libm.a
LOAD build/hil_test.o
START GROUP
LOAD /usr/lib/gcc/arm-none-eabi/13.2.1/thumb/v8-m.main+fp/hard/libgcc.a
LOAD /usr/lib/gcc/arm-none-eabi/13.2.1/../../../arm-none-eabi/lib/thumb/v8-m.main+fp/hard/libc.a
END GROUP
START GROUP
LOAD /usr/lib/gcc/arm-none-eabi/13.2.1/thumb/v8-m.main+fp/hard/libgcc.a
LOAD /usr/lib/gcc/arm-none-eabi/13.2.1/../../../arm-none-eabi/lib/thumb/v8-m.main+fp/hard/libc.a
LOAD /usr/lib/gcc/arm-none-eabi/13.2.1/../../../arm-none-eabi/lib/thumb/v8-m.main+fp/hard/librdimon.a
END GROUP
LOAD /usr/lib/gcc/arm-none-eabi/13.2.1/thumb/v8-m.main+fp/hard/crtend.o
LOAD /usr/lib/gcc/arm-none-eabi/13.2.1/thumb/v8-m.main+fp/hard/crtn.o
                0x200c0000                        _estack = (ORIGIN (RAM) + LENGTH (RAM))
                0x00000200                        _Min_Heap_Size = 0x200
                0x00000400                        _Min_Stack_Size = 0x400

.isr_vector     0x08000000      0x238
                0x08000000                        . = ALIGN (0x8)
 *(.isr_vector)
 .isr_vector    0x08000000      0x238 build/startup_stm32u575xx.o
                0x08000000                g_pfnVectors
                0x08000238                        . = ALIGN (0x8)

.text           0x08000238     0x84a8
                0x08000238                        . = ALIGN (0x8)
 *(.text)
 .text          0x08000238       0x8c /usr/lib/gcc/arm-none-eabi/13.2.1/thumb/v8-m.main+fp/hard/crtbegin.o
 .text          0x080002c4       0xa4 /usr/lib/gcc/arm-none-eabi/13.2.1/../../../arm-none-eabi/lib/thumb/v8-m.main+fp/hard/libc.a(libc_a-memset.o)
                0x080002c4                memset
 .text          0x08000368       0x50 /usr/lib/gcc/arm-none-eabi/13.2.1/../../../arm-none-eabi/lib/thumb/v8-m.main+fp/hard/libc.a(libc_a-init.o)
                0x08000368                __libc_init_array
 .text          0x080003b8        0xc /usr/lib/gcc/arm-none-eabi/13.2.1/../../../arm-none-eabi/lib/thumb/v8-m.main+fp/hard/libc.a(libc_a-atexit.o)
                0x080003b8                atexit
 .text          0x080003c4       0x28 /usr/lib/gcc/arm-none-eabi/13.2.1/../../../arm-none-eabi/lib/thumb/v8-m.main+fp/hard/libc.a(libc_a-fini.o)
                0x080003c4                __libc_fini_array
 .text          0x080003ec       0x64 /usr/lib/gcc/arm-none-eabi/13.2.1/../../../arm-none-eabi/lib/thumb/v8-m.main+fp/hard/libc.a(libc_a-__atexit.o)
                0x080003ec                __register_exitproc
 .text          0x08000450      0x224 /usr/lib/gcc/arm-none-eabi/13.2.1/../../../arm-none-eabi/lib/thumb/v8-m.main+fp/hard/libc.a(libc_a-findfp.o)
                0x08000580                __sfp
                0x08000624                __sinit
                0x08000644                __sfp_lock_acquire
                0x08000648                __sfp_lock_release
                0x0800064c                __fp_lock_all
                0x08000660                __fp_unlock_all
 .text          0x08000674       0x44 /usr/lib/gcc/arm-none-eabi/13.2.1/../../../arm-none-eabi/lib/thumb/v8-m.main+fp/hard/libc.a(libc_a-fwalk.o)
                0x08000674                _fwalk_sglue
 .text          0x080006b8      0x548 /usr/lib/gcc/arm-none-eabi/13.2.1/../../../arm-none-eabi/lib/thumb/v8-m.main+fp/hard/libc.a(libc_a-mallocr.o)
                0x080006b8                _malloc_r
 .text          0x08000c00      0x2b0 /usr/lib/gcc/arm-none-eabi/13.2.1/../../../arm-none-eabi/lib/thumb/v8-m.main+fp/hard/libc.a(libc_a-freer.o)
                0x08000c00                _malloc_trim_r
                0x08000cb8                _free_r
 .text          0x08000eb0       0x90 /usr/lib/gcc/arm-none-eabi/13.2.1/../../../arm-none-eabi/lib/thumb/v8-m.main+fp/hard/libc.a(libc_a-fclose.o)
                0x08000eb0                _fclose_r
                0x08000f30                fclose
 .text          0x08000f40       0x1c /usr/lib/gcc/arm-none-eabi/13.2.1/../../../arm-none-eabi/lib/thumb/v8-m.main+fp/hard/libc.a(libc_a-sysconf.o)
                0x08000f40                sysconf
 .text          0x08000f5c       0x98 /usr/lib/gcc/arm-none-eabi/13.2.1/../../../arm-none-eabi/lib/thumb/v8-m.main+fp/hard/libc.a(libc_a-stdio.o)
                0x08000f5c                __sread
                0x08000f80                __seofread
                0x08000f84                __swrite
                0x08000fc4                __sseek
                0x08000fec                __sclose
 .text          0x08000ff4       0x2c /usr/lib/gcc/arm-none-eabi/13.2.1/../../../arm-none-eabi/lib/thumb/v8-m.main+fp/hard/libc.a(libc_a-writer.o)
                0x08000ff4                _write_r
 .text          0x08001020        0x8 /usr/lib/gcc/arm-none-eabi/13.2.1/../../../arm-none-eabi/lib/thumb/v8-m.main+fp/hard/libc.a(libc_a-mlock.o)
                0x08001020                __malloc_lock
                0x08001024                __malloc_unlock
 .text          0x08001028       0x24 /usr/lib/gcc/arm-none-eabi/13.2.1/../../../arm-none-eabi/lib/thumb/v8-m.main+fp/hard/libc.a(libc_a-sbrkr.o)
                0x08001028                _sbrk_r
 .text          0x0800104c       0x24 /usr/lib/gcc/arm-none-eabi/13.2.1/../../../arm-none-eabi/lib/thumb/v8-m.main+fp/hard/libc.a(libc_a-closer.o)
                0x0800104c                _close_r
 .text          0x08001070      0x1ac /usr/lib/gcc/arm-none-eabi/13.2.1/../../../arm-none-eabi/lib/thumb/v8-m.main+fp/hard/libc.a(libc_a-fflush.o)
                0x08001070                __sflush_r
                0x080011a8                _fflush_r
                0x080011d4                fflush
 .text          0x0800121c        0xc /usr/lib/gcc/arm-none-eabi/13.2.1/../../../arm-none-eabi/lib/thumb/v8-m.main+fp/hard/libc.a(libc_a-errno.o)
                0x0800121c                __errno
 .text          0x08001228       0x2c /usr/lib/gcc/arm-none-eabi/13.2.1/../../../arm-none-eabi/lib/thumb/v8-m.main+fp/hard/libc.a(libc_a-readr.o)
                0x08001228                _read_r
 .text          0x08001254       0x2c /usr/lib/gcc/arm-none-eabi/13.2.1/../../../arm-none-eabi/lib/thumb/v8-m.main+fp/hard/libc.a(libc_a-lseekr.o)
                0x08001254                _lseek_r
 .text          0x08001280       0x7c /usr/lib/gcc/arm-none-eabi/13.2.1/../../../arm-none-eabi/lib/thumb/v8-m.main+fp/hard/libc.a(libc_a-puts.o)
                0x08001280                _puts_r
                0x080012ec                puts
 .text          0x080012fc      0x300 /usr/lib/gcc/arm-none-eabi/13.2.1/../../../arm-none-eabi/lib/thumb/v8-m.main+fp/hard/libc.a(libc_a-fvwrite.o)
                0x080012fc                __sfvwrite_r
 .text          0x080015fc       0x5c /usr/lib/gcc/arm-none-eabi/13.2.1/../../../arm-none-eabi/lib/thumb/v8-m.main+fp/hard/libc.a(libc_a-strlen-stub.o)
                0x080015fc                strlen
 .text          0x08001658       0x48 /usr/lib/gcc/arm-none-eabi/13.2.1/../../../arm-none-eabi/lib/thumb/v8-m.main+fp/hard/libc.a(libc_a-printf.o)
                0x08001658                _printf_r
                0x08001678                printf
 .text          0x080016a0       0x98 /usr/lib/gcc/arm-none-eabi/13.2.1/../../../arm-none-eabi/lib/thumb/v8-m.main+fp/hard/libc.a(libc_a-memchr-stub.o)
                0x080016a0                memchr
 .text          0x08001738     0x1520 /usr/lib/gcc/arm-none-eabi/13.2.1/../../../arm-none-eabi/lib/thumb/v8-m.main+fp/hard/libc.a(libc_a-vfprintf.o)
                0x08001738                _vfprintf_r
                0x08002bd4                vfprintf
 .text          0x08002c58      0x100 /usr/lib/gcc/arm-none-eabi/13.2.1/../../../arm-none-eabi/lib/thumb/v8-m.main+fp/hard/libc.a(libc_a-memmove.o)
                0x08002c58                memmove
 .text          0x08002d58     0x1014 /usr/lib/gcc/arm-none-eabi/13.2.1/../../../arm-none-eabi/lib/thumb/v8-m.main+fp/hard/libc.a(libc_a-dtoa.o)
                0x08002e90                _dtoa_r
 .text          0x08003d6c       0xc4 /usr/lib/gcc/arm-none-eabi/13.2.1/../../../arm-none-eabi/lib/thumb/v8-m.main+fp/hard/libc.a(libc_a-wsetup.o)
                0x08003d6c                __swsetup_r
 .text          0x08003e30       0xec /usr/lib/gcc/arm-none-eabi/13.2.1/../../../arm-none-eabi/lib/thumb/v8-m.main+fp/hard/libc.a(libc_a-memcpy.o)
                0x08003e30                memcpy
 .text          0x08003f1c      0x370 /usr/lib/gcc/arm-none-eabi/13.2.1/../../../arm-none-eabi/lib/thumb/v8-m.main+fp/hard/libc.a(libc_a-reallocr.o)
                0x08003f1c                _realloc_r
 .text          0x0800428c       0x20 /usr/lib/gcc/arm-none-eabi/13.2.1/../../../arm-none-eabi/lib/thumb/v8-m.main+fp/hard/libc.a(libc_a-sprint_r.o)
                0x0800428c                __sprint_r
 .text          0x080042ac       0x48 /usr/lib/gcc/arm-none-eabi/13.2.1/../../../arm-none-eabi/lib/thumb/v8-m.main+fp/hard/libc.a(libc_a-assert.o)
                0x080042ac                __assert_func
                0x080042e8                __assert
 .text          0x080042f4      0xab4 /usr/lib/gcc/arm-none-eabi/13.2.1/../../../arm-none-eabi/lib/thumb/v8-m.main+fp/hard/libc.a(libc_a-mprec.o)
                0x080042f4                _Balloc
                0x08004340                _Bfree
                0x08004354                __multadd
                0x080043f8                __s2b
                0x080044a8                __hi0bits
                0x080044f0                __lo0bits
                0x08004550                __i2b
                0x080045ac                __multiply
                0x08004710                __pow5mult
                0x080047c4                __lshift
                0x080048ac                __mcmp
                0x080048f0                __mdiff
                0x08004a70                __ulp
                0x08004ad4                __b2d
                0x08004b90                __d2b
                0x08004c50                __ratio
                0x08004cb0                _mprec_log10
                0x08004cf0                __copybits
                0x08004d4c                __any_on
 .text          0x08004da8       0x14 /usr/lib/gcc/arm-none-eabi/13.2.1/../../../arm-none-eabi/lib/thumb/v8-m.main+fp/hard/libc.a(libc_a-localeconv.o)
                0x08004da8                __localeconv_l
                0x08004dac                _localeconv_r
                0x08004db4                localeconv
 .text          0x08004dbc      0x13c /usr/lib/gcc/arm-none-eabi/13.2.1/../../../arm-none-eabi/lib/thumb/v8-m.main+fp/hard/libc.a(libc_a-makebuf.o)
                0x08004dbc                __smakebuf_r
                0x08004e98                __swhatbuf_r
 .text          0x08004ef8       0x40 /usr/lib/gcc/arm-none-eabi/13.2.1/../../../arm-none-eabi/lib/thumb/v8-m.main+fp/hard/libc.a(libc_a-mbtowc_r.o)
                0x08004ef8                _mbtowc_r
                0x08004f0c                __ascii_mbtowc
 .text          0x08004f38       0x10 /usr/lib/gcc/arm-none-eabi/13.2.1/../../../arm-none-eabi/lib/thumb/v8-m.main+fp/hard/libc.a(libc_a-abort.o)
                0x08004f38                abort
 .text          0x08004f48       0x70 /usr/lib/gcc/arm-none-eabi/13.2.1/../../../arm-none-eabi/lib/thumb/v8-m.main+fp/hard/libc.a(libc_a-callocr.o)
                0x08004f48                _calloc_r
 .text          0x08004fb8       0x44 /usr/lib/gcc/arm-none-eabi/13.2.1/../../../arm-none-eabi/lib/thumb/v8-m.main+fp/hard/libc.a(libc_a-fiprintf.o)
                0x08004fb8                _fiprintf_r
                0x08004fd4                fiprintf
 .text          0x08004ffc       0x30 /usr/lib/gcc/arm-none-eabi/13.2.1/../../../arm-none-eabi/lib/thumb/v8-m.main+fp/hard/libc.a(libc_a-wctomb_r.o)
                0x08004ffc                _wctomb_r
                0x08005010                __ascii_wctomb
 .text          0x0800502c       0x2c /usr/lib/gcc/arm-none-eabi/13.2.1/../../../arm-none-eabi/lib/thumb/v8-m.main+fp/hard/libc.a(libc_a-fstatr.o)
                0x0800502c                _fstat_r
 .text          0x08005058       0x24 /usr/lib/gcc/arm-none-eabi/13.2.1/../../../arm-none-eabi/lib/thumb/v8-m.main+fp/hard/libc.a(libc_a-isattyr.o)
                0x08005058                _isatty_r
 .text          0x0800507c      0x280 /usr/lib/gcc/arm-none-eabi/13.2.1/../../../arm-none-eabi/lib/thumb/v8-m.main+fp/hard/libc.a(libc_a-signal.o)
                0x0800507c                _init_signal_r
                0x080050ac                _signal_r
                0x080050fc                _raise_r
                0x08005150                __sigtramp_r
                0x080051b4                raise
                0x0800520c                signal
                0x0800525c                _init_signal
                0x08005294                __sigtramp
 .text          0x080052fc       0x30 /usr/lib/gcc/arm-none-eabi/13.2.1/../../../arm-none-eabi/lib/thumb/v8-m.main+fp/hard/libc.a(libc_a-signalr.o)
                0x080052fc                _kill_r
                0x08005328                _getpid_r
 .text          0x0800532c      0xb20 /usr/lib/gcc/arm-none-eabi/13.2.1/../../../arm-none-eabi/lib/thumb/v8-m.main+fp/hard/libc.a(libc_a-vfiprintf.o)
                0x0800532c                _vfiprintf_r
                0x08005dc8                vfiprintf
 .text          0x08005e4c      0x378 /usr/lib/gcc/arm-none-eabi/13.2.1/thumb/v8-m.main+fp/hard/libgcc.a(_arm_addsubdf3.o)
                0x08005e4c                __aeabi_drsub
                0x08005e54                __aeabi_dsub
                0x08005e54                __subdf3
                0x08005e58                __adddf3
                0x08005e58                __aeabi_dadd
                0x080060d0                __aeabi_ui2d
                0x080060d0                __floatunsidf
                0x080060f0                __floatsidf
                0x080060f0                __aeabi_i2d
                0x08006114                __extendsfdf2
                0x08006114                __aeabi_f2d
                0x08006158                __aeabi_ul2d
                0x08006158                __floatundidf
                0x08006168                __floatdidf
                0x08006168                __aeabi_l2d
 .text          0x080061c4      0x424 /usr/lib/gcc/arm-none-eabi/13.2.1/thumb/v8-m.main+fp/hard/libgcc.a(_arm_muldivdf3.o)
                0x080061c4                __aeabi_dmul
                0x080061c4                __muldf3
                0x08006418                __aeabi_ddiv
                0x08006418                __divdf3
 .text          0x080065e8      0x110 /usr/lib/gcc/arm-none-eabi/13.2.1/thumb/v8-m.main+fp/hard/libgcc.a(_arm_cmpdf2.o)
                0x080065e8                __gtdf2
                0x080065e8                __gedf2
                0x080065f0                __ltdf2
                0x080065f0                __ledf2
                0x080065f8                __cmpdf2
                0x080065f8                __eqdf2
                0x080065f8                __nedf2
                0x08006674                __aeabi_cdrcmple
                0x08006684                __aeabi_cdcmple
                0x08006684                __aeabi_cdcmpeq
                0x08006694                __aeabi_dcmpeq
                0x080066a8                __aeabi_dcmplt
                0x080066bc                __aeabi_dcmple
                0x080066d0                __aeabi_dcmpge
                0x080066e4                __aeabi_dcmpgt
 .text          0x080066f8       0x2c /usr/lib/gcc/arm-none-eabi/13.2.1/thumb/v8-m.main+fp/hard/libgcc.a(_arm_unorddf2.o)
                0x080066f8                __aeabi_dcmpun
                0x080066f8                __unorddf2
 .text          0x08006724       0x50 /usr/lib/gcc/arm-none-eabi/13.2.1/thumb/v8-m.main+fp/hard/libgcc.a(_arm_fixdfsi.o)
                0x08006724                __fixdfsi
                0x08006724                __aeabi_d2iz
 .text          0x08006774       0x14 /usr/lib/gcc/arm-none-eabi/13.2.1/../../../arm-none-eabi/lib/thumb/v8-m.main+fp/hard/librdimon.a(arm_librdimon_a-_exit.o)
                0x08006774                _exit
 .text          0x08006788       0x4c /usr/lib/gcc/arm-none-eabi/13.2.1/../../../arm-none-eabi/lib/thumb/v8-m.main+fp/hard/librdimon.a(arm_librdimon_a-_kill.o)
                0x08006788                _kill_shared
                0x080067b8                _kill
 .text          0x080067d4      0x9c4 /usr/lib/gcc/arm-none-eabi/13.2.1/../../../arm-none-eabi/lib/thumb/v8-m.main+fp/hard/librdimon.a(arm_librdimon_a-syscalls.o)
                0x080067d4                _swiread
                0x08006810                _read
                0x0800689c                _swilseek
                0x08006958                _lseek
                0x0800695c                _swiwrite
                0x08006998                _write
                0x08006a44                _swiclose
                0x08006a7c                _close
                0x08006b10                _getpid
                0x08006b14                _sbrk
                0x08006b68                _swistat
                0x08006be4                _fstat
                0x08006c00                _stat
                0x08006c3c                _swiopen
                0x08006d04                _open
                0x08006d18                _get_semihosting_exts
                0x08006e20                _has_ext_exit_extended
                0x08006e60                _has_ext_stdout_stderr
                0x08006ea0                initialise_monitor_handles
                0x08006fd8                _link
                0x08006fec                _unlink
                0x0800702c                _gettimeofday
                0x08007054                _clock
                0x08007068                _times
                0x08007088                _isatty
                0x080070ec                _system
                0x08007144                _rename
 *(.text*)
 .text.test_stm32u5_makefile
                0x08007198        0x4 build/main.o
                0x08007198                test_stm32u5_makefile
 .text.MX_GPIO_Init
                0x0800719c       0x24 build/main.o
 .text.Error_Handler
                0x080071c0        0x4 build/main.o
                0x080071c0                Error_Handler
 .text.SystemClock_Config
                0x080071c4       0x68 build/main.o
                0x080071c4                SystemClock_Config
 .text.main     0x0800722c       0x14 build/main.o
                0x0800722c                main
 .text.NMI_Handler
                0x08007240        0x2 build/stm32u5xx_it.o
                0x08007240                NMI_Handler
 .text.HardFault_Handler
                0x08007242        0x2 build/stm32u5xx_it.o
                0x08007242                HardFault_Handler
 .text.MemManage_Handler
                0x08007244        0x2 build/stm32u5xx_it.o
                0x08007244                MemManage_Handler
 .text.BusFault_Handler
                0x08007246        0x2 build/stm32u5xx_it.o
                0x08007246                BusFault_Handler
 .text.UsageFault_Handler
                0x08007248        0x2 build/stm32u5xx_it.o
                0x08007248                UsageFault_Handler
 .text.SVC_Handler
                0x0800724a        0x2 build/stm32u5xx_it.o
                0x0800724a                SVC_Handler
 .text.DebugMon_Handler
                0x0800724c        0x2 build/stm32u5xx_it.o
                0x0800724c                DebugMon_Handler
 .text.PendSV_Handler
                0x0800724e        0x2 build/stm32u5xx_it.o
                0x0800724e                PendSV_Handler
 .text.SysTick_Handler
                0x08007250        0x8 build/stm32u5xx_it.o
                0x08007250                SysTick_Handler
 .text.HAL_MspInit
                0x08007258       0x24 build/stm32u5xx_hal_msp.o
                0x08007258                HAL_MspInit
 .text.__NVIC_SetPriority
                0x0800727c       0x28 build/stm32u5xx_hal_cortex.o
 .text.NVIC_EncodePriority
                0x080072a4       0x3e build/stm32u5xx_hal_cortex.o
 *fill*         0x080072e2        0x2 
 .text.HAL_NVIC_SetPriorityGrouping
                0x080072e4       0x24 build/stm32u5xx_hal_cortex.o
                0x080072e4                HAL_NVIC_SetPriorityGrouping
 .text.HAL_NVIC_SetPriority
                0x08007308       0x20 build/stm32u5xx_hal_cortex.o
                0x08007308                HAL_NVIC_SetPriority
 .text.HAL_SYSTICK_Config
                0x08007328       0x20 build/stm32u5xx_hal_cortex.o
                0x08007328                HAL_SYSTICK_Config
 .text.HAL_SYSTICK_CLKSourceConfig
                0x08007348       0x7c build/stm32u5xx_hal_cortex.o
                0x08007348                HAL_SYSTICK_CLKSourceConfig
 .text.HAL_SYSTICK_GetCLKSourceConfig
                0x080073c4       0x34 build/stm32u5xx_hal_cortex.o
                0x080073c4                HAL_SYSTICK_GetCLKSourceConfig
 .text.HAL_InitTick
                0x080073f8       0xac build/stm32u5xx_hal.o
                0x080073f8                HAL_InitTick
 .text.HAL_Init
                0x080074a4       0x54 build/stm32u5xx_hal.o
                0x080074a4                HAL_Init
 .text.HAL_IncTick
                0x080074f8       0x18 build/stm32u5xx_hal.o
                0x080074f8                HAL_IncTick
 .text.HAL_GetTick
                0x08007510        0xc build/stm32u5xx_hal.o
                0x08007510                HAL_GetTick
 .text.RCC_SetFlashLatencyFromMSIRange
                0x0800751c       0xc4 build/stm32u5xx_hal_rcc.o
 .text.HAL_RCC_GetSysClockFreq
                0x080075e0      0x17c build/stm32u5xx_hal_rcc.o
                0x080075e0                HAL_RCC_GetSysClockFreq
 .text.HAL_RCC_ClockConfig
                0x0800775c      0x30c build/stm32u5xx_hal_rcc.o
                0x0800775c                HAL_RCC_ClockConfig
 .text.HAL_RCC_GetHCLKFreq
                0x08007a68       0x28 build/stm32u5xx_hal_rcc.o
                0x08007a68                HAL_RCC_GetHCLKFreq
 .text.HAL_RCC_OscConfig
                0x08007a90      0xaa0 build/stm32u5xx_hal_rcc.o
                0x08007a90                HAL_RCC_OscConfig
 .text.HAL_PWREx_ControlVoltageScaling
                0x08008530       0xa0 build/stm32u5xx_hal_pwr_ex.o
                0x08008530                HAL_PWREx_ControlVoltageScaling
 .text.HAL_PWREx_GetVoltageRange
                0x080085d0       0x10 build/stm32u5xx_hal_pwr_ex.o
                0x080085d0                HAL_PWREx_GetVoltageRange
 .text.SystemInit
                0x080085e0       0x44 build/system_stm32u5xx.o
                0x080085e0                SystemInit
 .text.Reset_Handler
                0x08008624       0x50 build/startup_stm32u575xx.o
                0x08008624                Reset_Handler
 .text.Default_Handler
                0x08008674        0x2 build/startup_stm32u575xx.o
                0x08008674                EXTI2_IRQHandler
                0x08008674                TIM8_TRG_COM_IRQHandler
                0x08008674                TIM8_CC_IRQHandler
                0x08008674                EXTI5_IRQHandler
                0x08008674                FLASH_S_IRQHandler
                0x08008674                EXTI13_IRQHandler
                0x08008674                TIM1_CC_IRQHandler
                0x08008674                TSC_IRQHandler
                0x08008674                TAMP_IRQHandler
                0x08008674                TIM6_IRQHandler
                0x08008674                EXTI12_IRQHandler
                0x08008674                CORDIC_IRQHandler
                0x08008674                EXTI3_IRQHandler
                0x08008674                LPTIM4_IRQHandler
                0x08008674                GPDMA1_Channel5_IRQHandler
                0x08008674                EXTI8_IRQHandler
                0x08008674                LPTIM2_IRQHandler
                0x08008674                I2C3_ER_IRQHandler
                0x08008674                PWR_S3WU_IRQHandler
                0x08008674                MDF1_FLT2_IRQHandler
                0x08008674                LPDMA1_Channel3_IRQHandler
                0x08008674                LPTIM3_IRQHandler
                0x08008674                EXTI0_IRQHandler
                0x08008674                I2C2_EV_IRQHandler
                0x08008674                FPU_IRQHandler
                0x08008674                GPDMA1_Channel3_IRQHandler
                0x08008674                GPDMA1_Channel7_IRQHandler
                0x08008674                MDF1_FLT4_IRQHandler
                0x08008674                FDCAN1_IT1_IRQHandler
                0x08008674                RAMCFG_IRQHandler
                0x08008674                GPDMA1_Channel9_IRQHandler
                0x08008674                DCACHE1_IRQHandler
                0x08008674                SPI1_IRQHandler
                0x08008674                OCTOSPI1_IRQHandler
                0x08008674                GPDMA1_Channel2_IRQHandler
                0x08008674                TIM8_UP_IRQHandler
                0x08008674                RCC_S_IRQHandler
                0x08008674                OCTOSPI2_IRQHandler
                0x08008674                SAI2_IRQHandler
                0x08008674                MDF1_FLT1_IRQHandler
                0x08008674                ADC1_IRQHandler
                0x08008674                MDF1_FLT5_IRQHandler
                0x08008674                EXTI15_IRQHandler
                0x08008674                TIM17_IRQHandler
                0x08008674                USART3_IRQHandler
                0x08008674                RTC_IRQHandler
                0x08008674                EXTI9_IRQHandler
                0x08008674                UART5_IRQHandler
                0x08008674                TIM4_IRQHandler
                0x08008674                I2C1_EV_IRQHandler
                0x08008674                GPDMA1_Channel12_IRQHandler
                0x08008674                GPDMA1_Channel1_IRQHandler
                0x08008674                TIM16_IRQHandler
                0x08008674                GPDMA1_Channel15_IRQHandler
                0x08008674                UART4_IRQHandler
                0x08008674                SecureFault_Handler
                0x08008674                TIM3_IRQHandler
                0x08008674                RCC_IRQHandler
                0x08008674                TIM1_TRG_COM_IRQHandler
                0x08008674                Default_Handler
                0x08008674                GPDMA1_Channel8_IRQHandler
                0x08008674                FMAC_IRQHandler
                0x08008674                GPDMA1_Channel11_IRQHandler
                0x08008674                TIM7_IRQHandler
                0x08008674                SDMMC1_IRQHandler
                0x08008674                TIM5_IRQHandler
                0x08008674                UCPD1_IRQHandler
                0x08008674                GPDMA1_Channel0_IRQHandler
                0x08008674                TIM15_IRQHandler
                0x08008674                I2C3_EV_IRQHandler
                0x08008674                LPDMA1_Channel0_IRQHandler
                0x08008674                PVD_PVM_IRQHandler
                0x08008674                SPI2_IRQHandler
                0x08008674                LPDMA1_Channel1_IRQHandler
                0x08008674                EXTI14_IRQHandler
                0x08008674                EXTI11_IRQHandler
                0x08008674                CRS_IRQHandler
                0x08008674                GPDMA1_Channel14_IRQHandler
                0x08008674                LSECSSD_IRQHandler
                0x08008674                EXTI4_IRQHandler
                0x08008674                RTC_S_IRQHandler
                0x08008674                GPDMA1_Channel13_IRQHandler
                0x08008674                RNG_IRQHandler
                0x08008674                COMP_IRQHandler
                0x08008674                TIM1_UP_IRQHandler
                0x08008674                ADC4_IRQHandler
                0x08008674                WWDG_IRQHandler
                0x08008674                I2C4_EV_IRQHandler
                0x08008674                ADF1_IRQHandler
                0x08008674                IWDG_IRQHandler
                0x08008674                LPUART1_IRQHandler
                0x08008674                MDF1_FLT0_IRQHandler
                0x08008674                FDCAN1_IT0_IRQHandler
                0x08008674                TIM2_IRQHandler
                0x08008674                GPDMA1_Channel4_IRQHandler
                0x08008674                EXTI7_IRQHandler
                0x08008674                DMA2D_IRQHandler
                0x08008674                TIM1_BRK_IRQHandler
                0x08008674                EXTI1_IRQHandler
                0x08008674                SDMMC2_IRQHandler
                0x08008674                DAC1_IRQHandler
                0x08008674                GTZC_IRQHandler
                0x08008674                MDF1_FLT3_IRQHandler
                0x08008674                USART2_IRQHandler
                0x08008674                GPDMA1_Channel6_IRQHandler
                0x08008674                I2C2_ER_IRQHandler
                0x08008674                TIM8_BRK_IRQHandler
                0x08008674                FLASH_IRQHandler
                0x08008674                USART1_IRQHandler
                0x08008674                EXTI10_IRQHandler
                0x08008674                OTG_FS_IRQHandler
                0x08008674                SPI3_IRQHandler
                0x08008674                LPDMA1_Channel2_IRQHandler
                0x08008674                I2C1_ER_IRQHandler
                0x08008674                FMC_IRQHandler
                0x08008674                EXTI6_IRQHandler
                0x08008674                LPTIM1_IRQHandler
                0x08008674                DCMI_PSSI_IRQHandler
                0x08008674                I2C4_ER_IRQHandler
                0x08008674                GPDMA1_Channel10_IRQHandler
                0x08008674                ICACHE_IRQHandler
                0x08008674                SAI1_IRQHandler
                0x08008674                HASH_IRQHandler
 *fill*         0x08008676        0x2 
 .text.startup  0x08008678       0x14 /usr/lib/gcc/arm-none-eabi/13.2.1/../../../arm-none-eabi/lib/thumb/v8-m.main+fp/hard/libc.a(libc_a-__call_atexit.o)
 .text.run_all_tests
                0x0800868c       0x3c build/hil_test.o
                0x0800868c                run_all_tests
 *(.glue_7)
 .glue_7        0x080086c8        0x0 linker stubs
 *(.glue_7t)
 .glue_7t       0x080086c8        0x0 linker stubs
 *(.eh_frame)
 .eh_frame      0x080086c8        0x0 /usr/lib/gcc/arm-none-eabi/13.2.1/thumb/v8-m.main+fp/hard/crtbegin.o
 *(.init)
 .init          0x080086c8        0x4 /usr/lib/gcc/arm-none-eabi/13.2.1/thumb/v8-m.main+fp/hard/crti.o
                0x080086c8                _init
 .init          0x080086cc        0x8 /usr/lib/gcc/arm-none-eabi/13.2.1/thumb/v8-m.main+fp/hard/crtn.o
 *(.fini)
 .fini          0x080086d4        0x4 /usr/lib/gcc/arm-none-eabi/13.2.1/thumb/v8-m.main+fp/hard/crti.o
                0x080086d4                _fini
 .fini          0x080086d8        0x8 /usr/lib/gcc/arm-none-eabi/13.2.1/thumb/v8-m.main+fp/hard/crtn.o
                0x080086e0                        . = ALIGN (0x8)
                0x080086e0                        _etext = .

.vfp11_veneer   0x080086e0        0x0
 .vfp11_veneer  0x080086e0        0x0 linker stubs

.v4_bx          0x080086e0        0x0
 .v4_bx         0x080086e0        0x0 linker stubs

.iplt           0x080086e0        0x0
 .iplt          0x080086e0        0x0 /usr/lib/gcc/arm-none-eabi/13.2.1/thumb/v8-m.main+fp/hard/crtbegin.o

.rodata         0x080086e0      0x420
                0x080086e0                        . = ALIGN (0x8)
 *(.rodata)
 .rodata        0x080086e0       0x20 /usr/lib/gcc/arm-none-eabi/13.2.1/../../../arm-none-eabi/lib/thumb/v8-m.main+fp/hard/libc.a(libc_a-vfprintf.o)
 .rodata        0x08008700      0x128 /usr/lib/gcc/arm-none-eabi/13.2.1/../../../arm-none-eabi/lib/thumb/v8-m.main+fp/hard/libc.a(libc_a-mprec.o)
                0x08008710                __mprec_tens
                0x080087d8                __mprec_tinytens
                0x08008800                __mprec_bigtens
 .rodata        0x08008828      0x101 /usr/lib/gcc/arm-none-eabi/13.2.1/../../../arm-none-eabi/lib/thumb/v8-m.main+fp/hard/libc.a(libc_a-ctype_.o)
                0x08008828                _ctype_
 *fill*         0x08008929        0x3 
 .rodata        0x0800892c       0x20 /usr/lib/gcc/arm-none-eabi/13.2.1/../../../arm-none-eabi/lib/thumb/v8-m.main+fp/hard/libc.a(libc_a-vfiprintf.o)
 *(.rodata*)
 .rodata.str1.4
                0x0800894c      0x160 build/main.o
                                 0x16 (size before relaxing)
 .rodata.MSIRangeTable
                0x08008aac       0x40 build/system_stm32u5xx.o
                0x08008aac                MSIRangeTable
 .rodata.AHBPrescTable
                0x08008aec       0x10 build/system_stm32u5xx.o
                0x08008aec                AHBPrescTable
 .rodata.run_all_tests.str1.4
                0x08008afc       0x11 build/hil_test.o
 .rodata.str1.4
                0x08008afc        0x2 /usr/lib/gcc/arm-none-eabi/13.2.1/../../../arm-none-eabi/lib/thumb/v8-m.main+fp/hard/libc.a(libc_a-puts.o)
 .rodata.str1.4
                0x08008afc       0x42 /usr/lib/gcc/arm-none-eabi/13.2.1/../../../arm-none-eabi/lib/thumb/v8-m.main+fp/hard/libc.a(libc_a-vfprintf.o)
 .rodata.str1.4
                0x08008afc       0x54 /usr/lib/gcc/arm-none-eabi/13.2.1/../../../arm-none-eabi/lib/thumb/v8-m.main+fp/hard/libc.a(libc_a-dtoa.o)
 .rodata.str1.4
                0x08008afc       0x43 /usr/lib/gcc/arm-none-eabi/13.2.1/../../../arm-none-eabi/lib/thumb/v8-m.main+fp/hard/libc.a(libc_a-assert.o)
 .rodata.str1.4
                0x08008afc       0x41 /usr/lib/gcc/arm-none-eabi/13.2.1/../../../arm-none-eabi/lib/thumb/v8-m.main+fp/hard/libc.a(libc_a-mprec.o)
 .rodata.str1.4
                0x08008afc       0x12 /usr/lib/gcc/arm-none-eabi/13.2.1/../../../arm-none-eabi/lib/thumb/v8-m.main+fp/hard/libc.a(libc_a-locale.o)
 .rodata.str1.4
                0x08008afc       0x2f /usr/lib/gcc/arm-none-eabi/13.2.1/../../../arm-none-eabi/lib/thumb/v8-m.main+fp/hard/libc.a(libc_a-vfiprintf.o)
 .rodata.str1.4
                0x08008afc       0x1c /usr/lib/gcc/arm-none-eabi/13.2.1/../../../arm-none-eabi/lib/thumb/v8-m.main+fp/hard/librdimon.a(arm_librdimon_a-syscalls.o)
                0x08008b50                        . = ALIGN (0x8)
 *fill*         0x08008afc        0x4 

hil_tests       0x08008b00        0x8
 hil_tests      0x08008b00        0x8 build/main.o
                0x08008b00                _test_test_stm32u5_makefile

.ARM.extab      0x08008b08        0x0
                0x08008b08                        . = ALIGN (0x8)
 *(.ARM.extab* .gnu.linkonce.armextab.*)
                0x08008b08                        . = ALIGN (0x8)

.ARM            0x08008b08        0x8
                0x08008b08                        . = ALIGN (0x8)
                0x08008b08                        __exidx_start = .
 *(.ARM.exidx*)
 .ARM.exidx     0x08008b08        0x8 /usr/lib/gcc/arm-none-eabi/13.2.1/../../../arm-none-eabi/lib/thumb/v8-m.main+fp/hard/libc.a(libc_a-memcpy.o)
                0x08008b10                        __exidx_end = .
                0x08008b10                        . = ALIGN (0x8)

.preinit_array  0x08008b10        0x0
                0x08008b10                        . = ALIGN (0x8)
                0x08008b10                        PROVIDE (__preinit_array_start = .)
 *(.preinit_array*)
                0x08008b10                        PROVIDE (__preinit_array_end = .)
                0x08008b10                        . = ALIGN (0x8)

.init_array     0x08008b10        0x8
                0x08008b10                        . = ALIGN (0x8)
                0x08008b10                        PROVIDE (__init_array_start = .)
 *(SORT_BY_NAME(.init_array.*))
 .init_array.00000
                0x08008b10        0x4 /usr/lib/gcc/arm-none-eabi/13.2.1/../../../arm-none-eabi/lib/thumb/v8-m.main+fp/hard/libc.a(libc_a-__call_atexit.o)
 *(.init_array*)
 .init_array    0x08008b14        0x4 /usr/lib/gcc/arm-none-eabi/13.2.1/thumb/v8-m.main+fp/hard/crtbegin.o
                0x08008b18                        PROVIDE (__init_array_end = .)
                0x08008b18                        . = ALIGN (0x8)

.fini_array     0x08008b18        0x8
                0x08008b18                        . = ALIGN (0x8)
                0x08008b18                        PROVIDE (__fini_array_start = .)
 *(SORT_BY_NAME(.fini_array.*))
 *(.fini_array*)
 .fini_array    0x08008b18        0x4 /usr/lib/gcc/arm-none-eabi/13.2.1/thumb/v8-m.main+fp/hard/crtbegin.o
                0x08008b1c                        PROVIDE (__fini_array_end = .)
                0x08008b20                        . = ALIGN (0x8)
 *fill*         0x08008b1c        0x4 
                0x08008b20                        _sidata = LOADADDR (.data)

.rel.dyn        0x08008b20        0x0
 .rel.iplt      0x08008b20        0x0 /usr/lib/gcc/arm-none-eabi/13.2.1/thumb/v8-m.main+fp/hard/crtbegin.o

.data           0x20000000      0x6d0 load address 0x08008b20
                0x20000000                        . = ALIGN (0x8)
                0x20000000                        _sdata = .
 *(.data)
 .data          0x20000000        0xc /usr/lib/gcc/arm-none-eabi/13.2.1/../../../arm-none-eabi/lib/thumb/v8-m.main+fp/hard/libc.a(libc_a-findfp.o)
                0x20000000                __sglue
 *fill*         0x2000000c        0x4 
 .data          0x20000010      0x128 /usr/lib/gcc/arm-none-eabi/13.2.1/../../../arm-none-eabi/lib/thumb/v8-m.main+fp/hard/libc.a(libc_a-impure.o)
                0x20000010                _impure_ptr
                0x20000018                _impure_data
 .data          0x20000138      0x410 /usr/lib/gcc/arm-none-eabi/13.2.1/../../../arm-none-eabi/lib/thumb/v8-m.main+fp/hard/libc.a(libc_a-mallocr.o)
                0x20000138                __malloc_av_
                0x20000540                __malloc_sbrk_base
                0x20000544                __malloc_trim_threshold
 .data          0x20000548      0x16c /usr/lib/gcc/arm-none-eabi/13.2.1/../../../arm-none-eabi/lib/thumb/v8-m.main+fp/hard/libc.a(libc_a-locale.o)
                0x20000548                __global_locale
 .data          0x200006b4        0xc /usr/lib/gcc/arm-none-eabi/13.2.1/../../../arm-none-eabi/lib/thumb/v8-m.main+fp/hard/librdimon.a(arm_librdimon_a-syscalls.o)
                0x200006b4                __heap_limit
 *(.data*)
 .data.uwTickFreq
                0x200006c0        0x1 build/stm32u5xx_hal.o
                0x200006c0                uwTickFreq
 *fill*         0x200006c1        0x3 
 .data.uwTickPrio
                0x200006c4        0x4 build/stm32u5xx_hal.o
                0x200006c4                uwTickPrio
 .data.SystemCoreClock
                0x200006c8        0x4 build/system_stm32u5xx.o
                0x200006c8                SystemCoreClock
                0x200006d0                        . = ALIGN (0x8)
 *fill*         0x200006cc        0x4 

.tm_clone_table
                0x200006d0        0x0 load address 0x080091f0
 .tm_clone_table
                0x200006d0        0x0 /usr/lib/gcc/arm-none-eabi/13.2.1/thumb/v8-m.main+fp/hard/crtbegin.o
 .tm_clone_table
                0x200006d0        0x0 /usr/lib/gcc/arm-none-eabi/13.2.1/thumb/v8-m.main+fp/hard/crtend.o

.igot.plt       0x200006d0        0x0 load address 0x080091f0
 .igot.plt      0x200006d0        0x0 /usr/lib/gcc/arm-none-eabi/13.2.1/thumb/v8-m.main+fp/hard/crtbegin.o

.tdata          0x200006d0        0x0 load address 0x080091f0
 *(.tdata .tdata.* .gnu.linkonce.td.*)
                0x200006d0                        . = ALIGN (0x4)
                0x200006d0                        _edata = .
                [!provide]                        PROVIDE (__data_end = .)
                [!provide]                        PROVIDE (__tdata_end = .)
                [!provide]                        PROVIDE (__tdata_start = ADDR (.tdata))
                [!provide]                        PROVIDE (__tdata_size = (__tdata_end - __tdata_start))
                [!provide]                        PROVIDE (__data_start = ADDR (.data))
                [!provide]                        PROVIDE (__data_size = (__data_end - __data_start))
                [!provide]                        PROVIDE (__tdata_source = LOADADDR (.tdata))
                [!provide]                        PROVIDE (__tdata_source_end = (LOADADDR (.tdata) + SIZEOF (.tdata)))
                [!provide]                        PROVIDE (__tdata_source_size = (__tdata_source_end - __tdata_source))
                [!provide]                        PROVIDE (__data_source = LOADADDR (.data))
                [!provide]                        PROVIDE (__data_source_end = __tdata_source_end)
                [!provide]                        PROVIDE (__data_source_size = (__data_source_end - __data_source))
                0x200006d0                        . = ALIGN (0x8)

.tbss           0x200006d0        0x0 load address 0x080091f0
                0x200006d0                        _sbss = .
                0x200006d0                        __bss_start__ = _sbss
 *(.tbss .tbss.*)
                0x200006d0                        . = ALIGN (0x4)
                [!provide]                        PROVIDE (__tbss_end = .)
                [!provide]                        PROVIDE (__tbss_start = ADDR (.tbss))
                [!provide]                        PROVIDE (__tbss_size = (__tbss_end - __tbss_start))
                [!provide]                        PROVIDE (__tbss_offset = (ADDR (.tbss) - ADDR (.tdata)))
                [!provide]                        PROVIDE (__tls_base = __tdata_start)
                [!provide]                        PROVIDE (__tls_end = __tbss_end)
                [!provide]                        PROVIDE (__tls_size = (__tls_end - __tls_base))
                [!provide]                        PROVIDE (__tls_align = MAX (ALIGNOF (.tdata), ALIGNOF (.tbss)))
                [!provide]                        PROVIDE (__tls_size_align = (((__tls_size + __tls_align) - 0x1) & ~ ((__tls_align - 0x1))))
                [!provide]                        PROVIDE (__arm32_tls_tcb_offset = MAX (0x8, __tls_align))
                [!provide]                        PROVIDE (__arm64_tls_tcb_offset = MAX (0x10, __tls_align))

.bss            0x200006d0      0x3d8 load address 0x080091f0
 *(.bss)
 .bss           0x200006d0       0x1c /usr/lib/gcc/arm-none-eabi/13.2.1/thumb/v8-m.main+fp/hard/crtbegin.o
 .bss           0x200006ec        0x4 /usr/lib/gcc/arm-none-eabi/13.2.1/../../../arm-none-eabi/lib/thumb/v8-m.main+fp/hard/libc.a(libc_a-__call_atexit.o)
                0x200006ec                __atexit
 .bss           0x200006f0      0x190 /usr/lib/gcc/arm-none-eabi/13.2.1/../../../arm-none-eabi/lib/thumb/v8-m.main+fp/hard/libc.a(libc_a-__atexit.o)
                0x200006f0                __atexit0
 .bss           0x20000880      0x13c /usr/lib/gcc/arm-none-eabi/13.2.1/../../../arm-none-eabi/lib/thumb/v8-m.main+fp/hard/libc.a(libc_a-findfp.o)
                0x20000880                __sf
                0x200009b8                __stdio_exit_handler
 .bss           0x200009bc       0x34 /usr/lib/gcc/arm-none-eabi/13.2.1/../../../arm-none-eabi/lib/thumb/v8-m.main+fp/hard/libc.a(libc_a-mallocr.o)
                0x200009bc                __malloc_top_pad
                0x200009c0                __malloc_current_mallinfo
                0x200009e8                __malloc_max_sbrked_mem
                0x200009ec                __malloc_max_total_mem
 .bss           0x200009f0        0x4 /usr/lib/gcc/arm-none-eabi/13.2.1/../../../arm-none-eabi/lib/thumb/v8-m.main+fp/hard/libc.a(libc_a-reent.o)
                0x200009f0                errno
 .bss           0x200009f4       0xb0 /usr/lib/gcc/arm-none-eabi/13.2.1/../../../arm-none-eabi/lib/thumb/v8-m.main+fp/hard/librdimon.a(arm_librdimon_a-syscalls.o)
 *(.bss*)
 .bss.uwTick    0x20000aa4        0x4 build/stm32u5xx_hal.o
                0x20000aa4                uwTick
 *(COMMON)
                0x20000aa8                        . = ALIGN (0x8)
                0x20000aa8                        . = ALIGN (0x4)
                0x20000aa8                        _ebss = .
                0x20000aa8                        __bss_end__ = _ebss
                [!provide]                        PROVIDE (__bss_end = .)
                [!provide]                        PROVIDE (__non_tls_bss_start = ADDR (.bss))
                [!provide]                        PROVIDE (__bss_start = __tbss_start)
                [!provide]                        PROVIDE (__bss_size = (__bss_end - __bss_start))

._user_heap_stack
                0x20000aa8      0x600 load address 0x080091f0
                0x20000aa8                        . = ALIGN (0x8)
                0x20000aa8                        PROVIDE (end = .)
                [!provide]                        PROVIDE (_end = .)
                0x20000ca8                        . = (. + _Min_Heap_Size)
 *fill*         0x20000aa8      0x200 
                0x200010a8                        . = (. + _Min_Stack_Size)
 *fill*         0x20000ca8      0x400 
                0x200010a8                        . = ALIGN (0x8)

/DISCARD/
 libc.a:*(*)
 libm.a:*(*)
 libgcc.a:*(*)

.ARM.attributes
                0x00000000       0x36
 *(.ARM.attributes)
 .ARM.attributes
                0x00000000       0x26 /usr/lib/gcc/arm-none-eabi/13.2.1/thumb/v8-m.main+fp/hard/crti.o
 .ARM.attributes
                0x00000026       0x38 /usr/lib/gcc/arm-none-eabi/13.2.1/thumb/v8-m.main+fp/hard/crtbegin.o
 .ARM.attributes
                0x0000005e       0x3a build/main.o
 .ARM.attributes
                0x00000098       0x3a build/stm32u5xx_it.o
 .ARM.attributes
                0x000000d2       0x3a build/stm32u5xx_hal_msp.o
 .ARM.attributes
                0x0000010c       0x3a build/stm32u5xx_hal_cortex.o
 .ARM.attributes
                0x00000146       0x3a build/stm32u5xx_hal.o
 .ARM.attributes
                0x00000180       0x3a build/stm32u5xx_hal_rcc.o
 .ARM.attributes
                0x000001ba       0x3a build/stm32u5xx_hal_pwr_ex.o
 .ARM.attributes
                0x000001f4       0x3a build/system_stm32u5xx.o
 .ARM.attributes
                0x0000022e       0x24 build/startup_stm32u575xx.o
 .ARM.attributes
                0x00000252       0x38 /usr/lib/gcc/arm-none-eabi/13.2.1/../../../arm-none-eabi/lib/thumb/v8-m.main+fp/hard/libc.a(libc_a-memset.o)
 .ARM.attributes
                0x0000028a       0x38 /usr/lib/gcc/arm-none-eabi/13.2.1/../../../arm-none-eabi/lib/thumb/v8-m.main+fp/hard/libc.a(libc_a-init.o)
 .ARM.attributes
                0x000002c2       0x38 /usr/lib/gcc/arm-none-eabi/13.2.1/../../../arm-none-eabi/lib/thumb/v8-m.main+fp/hard/libc.a(libc_a-atexit.o)
 .ARM.attributes
                0x000002fa       0x38 /usr/lib/gcc/arm-none-eabi/13.2.1/../../../arm-none-eabi/lib/thumb/v8-m.main+fp/hard/libc.a(libc_a-fini.o)
 .ARM.attributes
                0x00000332       0x38 /usr/lib/gcc/arm-none-eabi/13.2.1/../../../arm-none-eabi/lib/thumb/v8-m.main+fp/hard/libc.a(libc_a-__call_atexit.o)
 .ARM.attributes
                0x0000036a       0x38 /usr/lib/gcc/arm-none-eabi/13.2.1/../../../arm-none-eabi/lib/thumb/v8-m.main+fp/hard/libc.a(libc_a-__atexit.o)
 .ARM.attributes
                0x000003a2       0x38 /usr/lib/gcc/arm-none-eabi/13.2.1/../../../arm-none-eabi/lib/thumb/v8-m.main+fp/hard/libc.a(libc_a-findfp.o)
 .ARM.attributes
                0x000003da       0x38 /usr/lib/gcc/arm-none-eabi/13.2.1/../../../arm-none-eabi/lib/thumb/v8-m.main+fp/hard/libc.a(libc_a-fwalk.o)
 .ARM.attributes
                0x00000412       0x38 /usr/lib/gcc/arm-none-eabi/13.2.1/../../../arm-none-eabi/lib/thumb/v8-m.main+fp/hard/libc.a(libc_a-impure.o)
 .ARM.attributes
                0x0000044a       0x38 /usr/lib/gcc/arm-none-eabi/13.2.1/../../../arm-none-eabi/lib/thumb/v8-m.main+fp/hard/libc.a(libc_a-mallocr.o)
 .ARM.attributes
                0x00000482       0x38 /usr/lib/gcc/arm-none-eabi/13.2.1/../../../arm-none-eabi/lib/thumb/v8-m.main+fp/hard/libc.a(libc_a-freer.o)
 .ARM.attributes
                0x000004ba       0x38 /usr/lib/gcc/arm-none-eabi/13.2.1/../../../arm-none-eabi/lib/thumb/v8-m.main+fp/hard/libc.a(libc_a-fclose.o)
 .ARM.attributes
                0x000004f2       0x38 /usr/lib/gcc/arm-none-eabi/13.2.1/../../../arm-none-eabi/lib/thumb/v8-m.main+fp/hard/libc.a(libc_a-sysconf.o)
 .ARM.attributes
                0x0000052a       0x38 /usr/lib/gcc/arm-none-eabi/13.2.1/../../../arm-none-eabi/lib/thumb/v8-m.main+fp/hard/libc.a(libc_a-stdio.o)
 .ARM.attributes
                0x00000562       0x38 /usr/lib/gcc/arm-none-eabi/13.2.1/../../../arm-none-eabi/lib/thumb/v8-m.main+fp/hard/libc.a(libc_a-writer.o)
 .ARM.attributes
                0x0000059a       0x38 /usr/lib/gcc/arm-none-eabi/13.2.1/../../../arm-none-eabi/lib/thumb/v8-m.main+fp/hard/libc.a(libc_a-mlock.o)
 .ARM.attributes
                0x000005d2       0x38 /usr/lib/gcc/arm-none-eabi/13.2.1/../../../arm-none-eabi/lib/thumb/v8-m.main+fp/hard/libc.a(libc_a-sbrkr.o)
 .ARM.attributes
                0x0000060a       0x38 /usr/lib/gcc/arm-none-eabi/13.2.1/../../../arm-none-eabi/lib/thumb/v8-m.main+fp/hard/libc.a(libc_a-closer.o)
 .ARM.attributes
                0x00000642       0x38 /usr/lib/gcc/arm-none-eabi/13.2.1/../../../arm-none-eabi/lib/thumb/v8-m.main+fp/hard/libc.a(libc_a-fflush.o)
 .ARM.attributes
                0x0000067a       0x38 /usr/lib/gcc/arm-none-eabi/13.2.1/../../../arm-none-eabi/lib/thumb/v8-m.main+fp/hard/libc.a(libc_a-errno.o)
 .ARM.attributes
                0x000006b2       0x38 /usr/lib/gcc/arm-none-eabi/13.2.1/../../../arm-none-eabi/lib/thumb/v8-m.main+fp/hard/libc.a(libc_a-readr.o)
 .ARM.attributes
                0x000006ea       0x38 /usr/lib/gcc/arm-none-eabi/13.2.1/../../../arm-none-eabi/lib/thumb/v8-m.main+fp/hard/libc.a(libc_a-lseekr.o)
 .ARM.attributes
                0x00000722       0x38 /usr/lib/gcc/arm-none-eabi/13.2.1/../../../arm-none-eabi/lib/thumb/v8-m.main+fp/hard/libc.a(libc_a-reent.o)
 .ARM.attributes
                0x0000075a       0x3a build/hil_test.o
 .ARM.attributes
                0x00000794       0x38 /usr/lib/gcc/arm-none-eabi/13.2.1/../../../arm-none-eabi/lib/thumb/v8-m.main+fp/hard/libc.a(libc_a-puts.o)
 .ARM.attributes
                0x000007cc       0x38 /usr/lib/gcc/arm-none-eabi/13.2.1/../../../arm-none-eabi/lib/thumb/v8-m.main+fp/hard/libc.a(libc_a-fvwrite.o)
 .ARM.attributes
                0x00000804       0x38 /usr/lib/gcc/arm-none-eabi/13.2.1/../../../arm-none-eabi/lib/thumb/v8-m.main+fp/hard/libc.a(libc_a-strlen-stub.o)
 .ARM.attributes
                0x0000083c       0x38 /usr/lib/gcc/arm-none-eabi/13.2.1/../../../arm-none-eabi/lib/thumb/v8-m.main+fp/hard/libc.a(libc_a-printf.o)
 .ARM.attributes
                0x00000874       0x38 /usr/lib/gcc/arm-none-eabi/13.2.1/../../../arm-none-eabi/lib/thumb/v8-m.main+fp/hard/libc.a(libc_a-memchr-stub.o)
 .ARM.attributes
                0x000008ac       0x38 /usr/lib/gcc/arm-none-eabi/13.2.1/../../../arm-none-eabi/lib/thumb/v8-m.main+fp/hard/libc.a(libc_a-vfprintf.o)
 .ARM.attributes
                0x000008e4       0x38 /usr/lib/gcc/arm-none-eabi/13.2.1/../../../arm-none-eabi/lib/thumb/v8-m.main+fp/hard/libc.a(libc_a-memmove.o)
 .ARM.attributes
                0x0000091c       0x38 /usr/lib/gcc/arm-none-eabi/13.2.1/../../../arm-none-eabi/lib/thumb/v8-m.main+fp/hard/libc.a(libc_a-dtoa.o)
 .ARM.attributes
                0x00000954       0x38 /usr/lib/gcc/arm-none-eabi/13.2.1/../../../arm-none-eabi/lib/thumb/v8-m.main+fp/hard/libc.a(libc_a-wsetup.o)
 .ARM.attributes
                0x0000098c       0x24 /usr/lib/gcc/arm-none-eabi/13.2.1/../../../arm-none-eabi/lib/thumb/v8-m.main+fp/hard/libc.a(libc_a-memcpy.o)
 .ARM.attributes
                0x000009b0       0x38 /usr/lib/gcc/arm-none-eabi/13.2.1/../../../arm-none-eabi/lib/thumb/v8-m.main+fp/hard/libc.a(libc_a-reallocr.o)
 .ARM.attributes
                0x000009e8       0x38 /usr/lib/gcc/arm-none-eabi/13.2.1/../../../arm-none-eabi/lib/thumb/v8-m.main+fp/hard/libc.a(libc_a-sprint_r.o)
 .ARM.attributes
                0x00000a20       0x38 /usr/lib/gcc/arm-none-eabi/13.2.1/../../../arm-none-eabi/lib/thumb/v8-m.main+fp/hard/libc.a(libc_a-assert.o)
 .ARM.attributes
                0x00000a58       0x38 /usr/lib/gcc/arm-none-eabi/13.2.1/../../../arm-none-eabi/lib/thumb/v8-m.main+fp/hard/libc.a(libc_a-mprec.o)
 .ARM.attributes
                0x00000a90       0x38 /usr/lib/gcc/arm-none-eabi/13.2.1/../../../arm-none-eabi/lib/thumb/v8-m.main+fp/hard/libc.a(libc_a-localeconv.o)
 .ARM.attributes
                0x00000ac8       0x38 /usr/lib/gcc/arm-none-eabi/13.2.1/../../../arm-none-eabi/lib/thumb/v8-m.main+fp/hard/libc.a(libc_a-makebuf.o)
 .ARM.attributes
                0x00000b00       0x38 /usr/lib/gcc/arm-none-eabi/13.2.1/../../../arm-none-eabi/lib/thumb/v8-m.main+fp/hard/libc.a(libc_a-locale.o)
 .ARM.attributes
                0x00000b38       0x38 /usr/lib/gcc/arm-none-eabi/13.2.1/../../../arm-none-eabi/lib/thumb/v8-m.main+fp/hard/libc.a(libc_a-mbtowc_r.o)
 .ARM.attributes
                0x00000b70       0x38 /usr/lib/gcc/arm-none-eabi/13.2.1/../../../arm-none-eabi/lib/thumb/v8-m.main+fp/hard/libc.a(libc_a-abort.o)
 .ARM.attributes
                0x00000ba8       0x38 /usr/lib/gcc/arm-none-eabi/13.2.1/../../../arm-none-eabi/lib/thumb/v8-m.main+fp/hard/libc.a(libc_a-callocr.o)
 .ARM.attributes
                0x00000be0       0x38 /usr/lib/gcc/arm-none-eabi/13.2.1/../../../arm-none-eabi/lib/thumb/v8-m.main+fp/hard/libc.a(libc_a-fiprintf.o)
 .ARM.attributes
                0x00000c18       0x38 /usr/lib/gcc/arm-none-eabi/13.2.1/../../../arm-none-eabi/lib/thumb/v8-m.main+fp/hard/libc.a(libc_a-wctomb_r.o)
 .ARM.attributes
                0x00000c50       0x38 /usr/lib/gcc/arm-none-eabi/13.2.1/../../../arm-none-eabi/lib/thumb/v8-m.main+fp/hard/libc.a(libc_a-fstatr.o)
 .ARM.attributes
                0x00000c88       0x38 /usr/lib/gcc/arm-none-eabi/13.2.1/../../../arm-none-eabi/lib/thumb/v8-m.main+fp/hard/libc.a(libc_a-isattyr.o)
 .ARM.attributes
                0x00000cc0       0x38 /usr/lib/gcc/arm-none-eabi/13.2.1/../../../arm-none-eabi/lib/thumb/v8-m.main+fp/hard/libc.a(libc_a-ctype_.o)
 .ARM.attributes
                0x00000cf8       0x38 /usr/lib/gcc/arm-none-eabi/13.2.1/../../../arm-none-eabi/lib/thumb/v8-m.main+fp/hard/libc.a(libc_a-signal.o)
 .ARM.attributes
                0x00000d30       0x38 /usr/lib/gcc/arm-none-eabi/13.2.1/../../../arm-none-eabi/lib/thumb/v8-m.main+fp/hard/libc.a(libc_a-signalr.o)
 .ARM.attributes
                0x00000d68       0x38 /usr/lib/gcc/arm-none-eabi/13.2.1/../../../arm-none-eabi/lib/thumb/v8-m.main+fp/hard/libc.a(libc_a-vfiprintf.o)
 .ARM.attributes
                0x00000da0       0x26 /usr/lib/gcc/arm-none-eabi/13.2.1/thumb/v8-m.main+fp/hard/libgcc.a(_arm_addsubdf3.o)
 .ARM.attributes
                0x00000dc6       0x26 /usr/lib/gcc/arm-none-eabi/13.2.1/thumb/v8-m.main+fp/hard/libgcc.a(_arm_muldivdf3.o)
 .ARM.attributes
                0x00000dec       0x26 /usr/lib/gcc/arm-none-eabi/13.2.1/thumb/v8-m.main+fp/hard/libgcc.a(_arm_cmpdf2.o)
 .ARM.attributes
                0x00000e12       0x26 /usr/lib/gcc/arm-none-eabi/13.2.1/thumb/v8-m.main+fp/hard/libgcc.a(_arm_unorddf2.o)
 .ARM.attributes
                0x00000e38       0x26 /usr/lib/gcc/arm-none-eabi/13.2.1/thumb/v8-m.main+fp/hard/libgcc.a(_arm_fixdfsi.o)
 .ARM.attributes
                0x00000e5e       0x38 /usr/lib/gcc/arm-none-eabi/13.2.1/../../../arm-none-eabi/lib/thumb/v8-m.main+fp/hard/librdimon.a(arm_librdimon_a-_exit.o)
 .ARM.attributes
                0x00000e96       0x38 /usr/lib/gcc/arm-none-eabi/13.2.1/../../../arm-none-eabi/lib/thumb/v8-m.main+fp/hard/librdimon.a(arm_librdimon_a-_kill.o)
 .ARM.attributes
                0x00000ece       0x38 /usr/lib/gcc/arm-none-eabi/13.2.1/../../../arm-none-eabi/lib/thumb/v8-m.main+fp/hard/librdimon.a(arm_librdimon_a-syscalls.o)
 .ARM.attributes
                0x00000f06       0x38 /usr/lib/gcc/arm-none-eabi/13.2.1/thumb/v8-m.main+fp/hard/crtend.o
 .ARM.attributes
                0x00000f3e       0x26 /usr/lib/gcc/arm-none-eabi/13.2.1/thumb/v8-m.main+fp/hard/crtn.o
OUTPUT(build/stm32u5_demo_makefile.elf elf32-littlearm)
LOAD linker stubs

.comment        0x00000000       0x26
 .comment       0x00000000       0x26 /usr/lib/gcc/arm-none-eabi/13.2.1/thumb/v8-m.main+fp/hard/crtbegin.o
                                 0x27 (size before relaxing)
 .comment       0x00000026       0x27 build/main.o
 .comment       0x00000026       0x27 build/stm32u5xx_it.o
 .comment       0x00000026       0x27 build/stm32u5xx_hal_msp.o
 .comment       0x00000026       0x27 build/stm32u5xx_hal_cortex.o
 .comment       0x00000026       0x27 build/stm32u5xx_hal.o
 .comment       0x00000026       0x27 build/stm32u5xx_hal_rcc.o
 .comment       0x00000026       0x27 build/stm32u5xx_hal_pwr_ex.o
 .comment       0x00000026       0x27 build/system_stm32u5xx.o
 .comment       0x00000026       0x27 /usr/lib/gcc/arm-none-eabi/13.2.1/../../../arm-none-eabi/lib/thumb/v8-m.main+fp/hard/libc.a(libc_a-memset.o)
 .comment       0x00000026       0x27 /usr/lib/gcc/arm-none-eabi/13.2.1/../../../arm-none-eabi/lib/thumb/v8-m.main+fp/hard/libc.a(libc_a-init.o)
 .comment       0x00000026       0x27 /usr/lib/gcc/arm-none-eabi/13.2.1/../../../arm-none-eabi/lib/thumb/v8-m.main+fp/hard/libc.a(libc_a-atexit.o)
 .comment       0x00000026       0x27 /usr/lib/gcc/arm-none-eabi/13.2.1/../../../arm-none-eabi/lib/thumb/v8-m.main+fp/hard/libc.a(libc_a-fini.o)
 .comment       0x00000026       0x27 /usr/lib/gcc/arm-none-eabi/13.2.1/../../../arm-none-eabi/lib/thumb/v8-m.main+fp/hard/libc.a(libc_a-__call_atexit.o)
 .comment       0x00000026       0x27 /usr/lib/gcc/arm-none-eabi/13.2.1/../../../arm-none-eabi/lib/thumb/v8-m.main+fp/hard/libc.a(libc_a-__atexit.o)
 .comment       0x00000026       0x27 /usr/lib/gcc/arm-none-eabi/13.2.1/../../../arm-none-eabi/lib/thumb/v8-m.main+fp/hard/libc.a(libc_a-findfp.o)
 .comment       0x00000026       0x27 /usr/lib/gcc/arm-none-eabi/13.2.1/../../../arm-none-eabi/lib/thumb/v8-m.main+fp/hard/libc.a(libc_a-fwalk.o)
 .comment       0x00000026       0x27 /usr/lib/gcc/arm-none-eabi/13.2.1/../../../arm-none-eabi/lib/thumb/v8-m.main+fp/hard/libc.a(libc_a-impure.o)
 .comment       0x00000026       0x27 /usr/lib/gcc/arm-none-eabi/13.2.1/../../../arm-none-eabi/lib/thumb/v8-m.main+fp/hard/libc.a(libc_a-mallocr.o)
 .comment       0x00000026       0x27 /usr/lib/gcc/arm-none-eabi/13.2.1/../../../arm-none-eabi/lib/thumb/v8-m.main+fp/hard/libc.a(libc_a-freer.o)
 .comment       0x00000026       0x27 /usr/lib/gcc/arm-none-eabi/13.2.1/../../../arm-none-eabi/lib/thumb/v8-m.main+fp/hard/libc.a(libc_a-fclose.o)
 .comment       0x00000026       0x27 /usr/lib/gcc/arm-none-eabi/13.2.1/../../../arm-none-eabi/lib/thumb/v8-m.main+fp/hard/libc.a(libc_a-sysconf.o)
 .comment       0x00000026       0x27 /usr/lib/gcc/arm-none-eabi/13.2.1/../../../arm-none-eabi/lib/thumb/v8-m.main+fp/hard/libc.a(libc_a-stdio.o)
 .comment       0x00000026       0x27 /usr/lib/gcc/arm-none-eabi/13.2.1/../../../arm-none-eabi/lib/thumb/v8-m.main+fp/hard/libc.a(libc_a-writer.o)
 .comment       0x00000026       0x27 /usr/lib/gcc/arm-none-eabi/13.2.1/../../../arm-none-eabi/lib/thumb/v8-m.main+fp/hard/libc.a(libc_a-mlock.o)
 .comment       0x00000026       0x27 /usr/lib/gcc/arm-none-eabi/13.2.1/../../../arm-none-eabi/lib/thumb/v8-m.main+fp/hard/libc.a(libc_a-sbrkr.o)
 .comment       0x00000026       0x27 /usr/lib/gcc/arm-none-eabi/13.2.1/../../../arm-none-eabi/lib/thumb/v8-m.main+fp/hard/libc.a(libc_a-closer.o)
 .comment       0x00000026       0x27 /usr/lib/gcc/arm-none-eabi/13.2.1/../../../arm-none-eabi/lib/thumb/v8-m.main+fp/hard/libc.a(libc_a-fflush.o)
 .comment       0x00000026       0x27 /usr/lib/gcc/arm-none-eabi/13.2.1/../../../arm-none-eabi/lib/thumb/v8-m.main+fp/hard/libc.a(libc_a-errno.o)
 .comment       0x00000026       0x27 /usr/lib/gcc/arm-none-eabi/13.2.1/../../../arm-none-eabi/lib/thumb/v8-m.main+fp/hard/libc.a(libc_a-readr.o)
 .comment       0x00000026       0x27 /usr/lib/gcc/arm-none-eabi/13.2.1/../../../arm-none-eabi/lib/thumb/v8-m.main+fp/hard/libc.a(libc_a-lseekr.o)
 .comment       0x00000026       0x27 /usr/lib/gcc/arm-none-eabi/13.2.1/../../../arm-none-eabi/lib/thumb/v8-m.main+fp/hard/libc.a(libc_a-reent.o)
 .comment       0x00000026       0x27 build/hil_test.o
 .comment       0x00000026       0x27 /usr/lib/gcc/arm-none-eabi/13.2.1/../../../arm-none-eabi/lib/thumb/v8-m.main+fp/hard/libc.a(libc_a-puts.o)
 .comment       0x00000026       0x27 /usr/lib/gcc/arm-none-eabi/13.2.1/../../../arm-none-eabi/lib/thumb/v8-m.main+fp/hard/libc.a(libc_a-fvwrite.o)
 .comment       0x00000026       0x27 /usr/lib/gcc/arm-none-eabi/13.2.1/../../../arm-none-eabi/lib/thumb/v8-m.main+fp/hard/libc.a(libc_a-strlen-stub.o)
 .comment       0x00000026       0x27 /usr/lib/gcc/arm-none-eabi/13.2.1/../../../arm-none-eabi/lib/thumb/v8-m.main+fp/hard/libc.a(libc_a-printf.o)
 .comment       0x00000026       0x27 /usr/lib/gcc/arm-none-eabi/13.2.1/../../../arm-none-eabi/lib/thumb/v8-m.main+fp/hard/libc.a(libc_a-memchr-stub.o)
 .comment       0x00000026       0x27 /usr/lib/gcc/arm-none-eabi/13.2.1/../../../arm-none-eabi/lib/thumb/v8-m.main+fp/hard/libc.a(libc_a-vfprintf.o)
 .comment       0x00000026       0x27 /usr/lib/gcc/arm-none-eabi/13.2.1/../../../arm-none-eabi/lib/thumb/v8-m.main+fp/hard/libc.a(libc_a-memmove.o)
 .comment       0x00000026       0x27 /usr/lib/gcc/arm-none-eabi/13.2.1/../../../arm-none-eabi/lib/thumb/v8-m.main+fp/hard/libc.a(libc_a-dtoa.o)
 .comment       0x00000026       0x27 /usr/lib/gcc/arm-none-eabi/13.2.1/../../../arm-none-eabi/lib/thumb/v8-m.main+fp/hard/libc.a(libc_a-wsetup.o)
 .comment       0x00000026       0x27 /usr/lib/gcc/arm-none-eabi/13.2.1/../../../arm-none-eabi/lib/thumb/v8-m.main+fp/hard/libc.a(libc_a-reallocr.o)
 .comment       0x00000026       0x27 /usr/lib/gcc/arm-none-eabi/13.2.1/../../../arm-none-eabi/lib/thumb/v8-m.main+fp/hard/libc.a(libc_a-sprint_r.o)
 .comment       0x00000026       0x27 /usr/lib/gcc/arm-none-eabi/13.2.1/../../../arm-none-eabi/lib/thumb/v8-m.main+fp/hard/libc.a(libc_a-assert.o)
 .comment       0x00000026       0x27 /usr/lib/gcc/arm-none-eabi/13.2.1/../../../arm-none-eabi/lib/thumb/v8-m.main+fp/hard/libc.a(libc_a-mprec.o)
 .comment       0x00000026       0x27 /usr/lib/gcc/arm-none-eabi/13.2.1/../../../arm-none-eabi/lib/thumb/v8-m.main+fp/hard/libc.a(libc_a-localeconv.o)
 .comment       0x00000026       0x27 /usr/lib/gcc/arm-none-eabi/13.2.1/../../../arm-none-eabi/lib/thumb/v8-m.main+fp/hard/libc.a(libc_a-makebuf.o)
 .comment       0x00000026       0x27 /usr/lib/gcc/arm-none-eabi/13.2.1/../../../arm-none-eabi/lib/thumb/v8-m.main+fp/hard/libc.a(libc_a-locale.o)
 .comment       0x00000026       0x27 /usr/lib/gcc/arm-none-eabi/13.2.1/../../../arm-none-eabi/lib/thumb/v8-m.main+fp/hard/libc.a(libc_a-mbtowc_r.o)
 .comment       0x00000026       0x27 /usr/lib/gcc/arm-none-eabi/13.2.1/../../../arm-none-eabi/lib/thumb/v8-m.main+fp/hard/libc.a(libc_a-abort.o)
 .comment       0x00000026       0x27 /usr/lib/gcc/arm-none-eabi/13.2.1/../../../arm-none-eabi/lib/thumb/v8-m.main+fp/hard/libc.a(libc_a-callocr.o)
 .comment       0x00000026       0x27 /usr/lib/gcc/arm-none-eabi/13.2.1/../../../arm-none-eabi/lib/thumb/v8-m.main+fp/hard/libc.a(libc_a-fiprintf.o)
 .comment       0x00000026       0x27 /usr/lib/gcc/arm-none-eabi/13.2.1/../../../arm-none-eabi/lib/thumb/v8-m.main+fp/hard/libc.a(libc_a-wctomb_r.o)
 .comment       0x00000026       0x27 /usr/lib/gcc/arm-none-eabi/13.2.1/../../../arm-none-eabi/lib/thumb/v8-m.main+fp/hard/libc.a(libc_a-fstatr.o)
 .comment       0x00000026       0x27 /usr/lib/gcc/arm-none-eabi/13.2.1/../../../arm-none-eabi/lib/thumb/v8-m.main+fp/hard/libc.a(libc_a-isattyr.o)
 .comment       0x00000026       0x27 /usr/lib/gcc/arm-none-eabi/13.2.1/../../../arm-none-eabi/lib/thumb/v8-m.main+fp/hard/libc.a(libc_a-ctype_.o)
 .comment       0x00000026       0x27 /usr/lib/gcc/arm-none-eabi/13.2.1/../../../arm-none-eabi/lib/thumb/v8-m.main+fp/hard/libc.a(libc_a-signal.o)
 .comment       0x00000026       0x27 /usr/lib/gcc/arm-none-eabi/13.2.1/../../../arm-none-eabi/lib/thumb/v8-m.main+fp/hard/libc.a(libc_a-signalr.o)
 .comment       0x00000026       0x27 /usr/lib/gcc/arm-none-eabi/13.2.1/../../../arm-none-eabi/lib/thumb/v8-m.main+fp/hard/libc.a(libc_a-vfiprintf.o)
 .comment       0x00000026       0x27 /usr/lib/gcc/arm-none-eabi/13.2.1/../../../arm-none-eabi/lib/thumb/v8-m.main+fp/hard/librdimon.a(arm_librdimon_a-_exit.o)
 .comment       0x00000026       0x27 /usr/lib/gcc/arm-none-eabi/13.2.1/../../../arm-none-eabi/lib/thumb/v8-m.main+fp/hard/librdimon.a(arm_librdimon_a-_kill.o)
 .comment       0x00000026       0x27 /usr/lib/gcc/arm-none-eabi/13.2.1/../../../arm-none-eabi/lib/thumb/v8-m.main+fp/hard/librdimon.a(arm_librdimon_a-syscalls.o)
 .comment       0x00000026       0x27 /usr/lib/gcc/arm-none-eabi/13.2.1/thumb/v8-m.main+fp/hard/crtend.o

.debug_info     0x00000000    0x25b0c
 .debug_info    0x00000000      0x9c5 build/main.o
 .debug_info    0x000009c5      0x16d build/stm32u5xx_it.o
 .debug_info    0x00000b32      0x527 build/stm32u5xx_hal_msp.o
 .debug_info    0x00001059     0x1b0b build/stm32u5xx_hal_cortex.o
 .debug_info    0x00002b64     0x1542 build/stm32u5xx_hal.o
 .debug_info    0x000040a6     0x19bb build/stm32u5xx_hal_rcc.o
 .debug_info    0x00005a61     0x11b7 build/stm32u5xx_hal_pwr_ex.o
 .debug_info    0x00006c18      0xa61 build/system_stm32u5xx.o
 .debug_info    0x00007679       0x30 build/startup_stm32u575xx.o
 .debug_info    0x000076a9      0x135 /usr/lib/gcc/arm-none-eabi/13.2.1/../../../arm-none-eabi/lib/thumb/v8-m.main+fp/hard/libc.a(libc_a-memset.o)
 .debug_info    0x000077de      0x10b /usr/lib/gcc/arm-none-eabi/13.2.1/../../../arm-none-eabi/lib/thumb/v8-m.main+fp/hard/libc.a(libc_a-init.o)
 .debug_info    0x000078e9      0x11e /usr/lib/gcc/arm-none-eabi/13.2.1/../../../arm-none-eabi/lib/thumb/v8-m.main+fp/hard/libc.a(libc_a-atexit.o)
 .debug_info    0x00007a07       0xf7 /usr/lib/gcc/arm-none-eabi/13.2.1/../../../arm-none-eabi/lib/thumb/v8-m.main+fp/hard/libc.a(libc_a-fini.o)
 .debug_info    0x00007afe      0x284 /usr/lib/gcc/arm-none-eabi/13.2.1/../../../arm-none-eabi/lib/thumb/v8-m.main+fp/hard/libc.a(libc_a-__call_atexit.o)
 .debug_info    0x00007d82      0x1fd /usr/lib/gcc/arm-none-eabi/13.2.1/../../../arm-none-eabi/lib/thumb/v8-m.main+fp/hard/libc.a(libc_a-__atexit.o)
 .debug_info    0x00007f7f      0xea8 /usr/lib/gcc/arm-none-eabi/13.2.1/../../../arm-none-eabi/lib/thumb/v8-m.main+fp/hard/libc.a(libc_a-findfp.o)
 .debug_info    0x00008e27      0x7e4 /usr/lib/gcc/arm-none-eabi/13.2.1/../../../arm-none-eabi/lib/thumb/v8-m.main+fp/hard/libc.a(libc_a-fwalk.o)
 .debug_info    0x0000960b      0x729 /usr/lib/gcc/arm-none-eabi/13.2.1/../../../arm-none-eabi/lib/thumb/v8-m.main+fp/hard/libc.a(libc_a-impure.o)
 .debug_info    0x00009d34      0xcd9 /usr/lib/gcc/arm-none-eabi/13.2.1/../../../arm-none-eabi/lib/thumb/v8-m.main+fp/hard/libc.a(libc_a-mallocr.o)
 .debug_info    0x0000aa0d      0xb55 /usr/lib/gcc/arm-none-eabi/13.2.1/../../../arm-none-eabi/lib/thumb/v8-m.main+fp/hard/libc.a(libc_a-freer.o)
 .debug_info    0x0000b562      0x8e6 /usr/lib/gcc/arm-none-eabi/13.2.1/../../../arm-none-eabi/lib/thumb/v8-m.main+fp/hard/libc.a(libc_a-fclose.o)
 .debug_info    0x0000be48       0xc1 /usr/lib/gcc/arm-none-eabi/13.2.1/../../../arm-none-eabi/lib/thumb/v8-m.main+fp/hard/libc.a(libc_a-sysconf.o)
 .debug_info    0x0000bf09      0xa9e /usr/lib/gcc/arm-none-eabi/13.2.1/../../../arm-none-eabi/lib/thumb/v8-m.main+fp/hard/libc.a(libc_a-stdio.o)
 .debug_info    0x0000c9a7      0x7d9 /usr/lib/gcc/arm-none-eabi/13.2.1/../../../arm-none-eabi/lib/thumb/v8-m.main+fp/hard/libc.a(libc_a-writer.o)
 .debug_info    0x0000d180      0x73a /usr/lib/gcc/arm-none-eabi/13.2.1/../../../arm-none-eabi/lib/thumb/v8-m.main+fp/hard/libc.a(libc_a-mlock.o)
 .debug_info    0x0000d8ba      0x796 /usr/lib/gcc/arm-none-eabi/13.2.1/../../../arm-none-eabi/lib/thumb/v8-m.main+fp/hard/libc.a(libc_a-sbrkr.o)
 .debug_info    0x0000e050      0x770 /usr/lib/gcc/arm-none-eabi/13.2.1/../../../arm-none-eabi/lib/thumb/v8-m.main+fp/hard/libc.a(libc_a-closer.o)
 .debug_info    0x0000e7c0      0xa4f /usr/lib/gcc/arm-none-eabi/13.2.1/../../../arm-none-eabi/lib/thumb/v8-m.main+fp/hard/libc.a(libc_a-fflush.o)
 .debug_info    0x0000f20f      0x70f /usr/lib/gcc/arm-none-eabi/13.2.1/../../../arm-none-eabi/lib/thumb/v8-m.main+fp/hard/libc.a(libc_a-errno.o)
 .debug_info    0x0000f91e      0x7d3 /usr/lib/gcc/arm-none-eabi/13.2.1/../../../arm-none-eabi/lib/thumb/v8-m.main+fp/hard/libc.a(libc_a-readr.o)
 .debug_info    0x000100f1      0x7bc /usr/lib/gcc/arm-none-eabi/13.2.1/../../../arm-none-eabi/lib/thumb/v8-m.main+fp/hard/libc.a(libc_a-lseekr.o)
 .debug_info    0x000108ad      0x831 /usr/lib/gcc/arm-none-eabi/13.2.1/../../../arm-none-eabi/lib/thumb/v8-m.main+fp/hard/libc.a(libc_a-reent.o)
 .debug_info    0x000110de      0x1a9 build/hil_test.o
 .debug_info    0x00011287      0x8fe /usr/lib/gcc/arm-none-eabi/13.2.1/../../../arm-none-eabi/lib/thumb/v8-m.main+fp/hard/libc.a(libc_a-puts.o)
 .debug_info    0x00011b85      0xb15 /usr/lib/gcc/arm-none-eabi/13.2.1/../../../arm-none-eabi/lib/thumb/v8-m.main+fp/hard/libc.a(libc_a-fvwrite.o)
 .debug_info    0x0001269a       0xbd /usr/lib/gcc/arm-none-eabi/13.2.1/../../../arm-none-eabi/lib/thumb/v8-m.main+fp/hard/libc.a(libc_a-strlen-stub.o)
 .debug_info    0x00012757      0x855 /usr/lib/gcc/arm-none-eabi/13.2.1/../../../arm-none-eabi/lib/thumb/v8-m.main+fp/hard/libc.a(libc_a-printf.o)
 .debug_info    0x00012fac      0x14a /usr/lib/gcc/arm-none-eabi/13.2.1/../../../arm-none-eabi/lib/thumb/v8-m.main+fp/hard/libc.a(libc_a-memchr-stub.o)
 .debug_info    0x000130f6     0x1994 /usr/lib/gcc/arm-none-eabi/13.2.1/../../../arm-none-eabi/lib/thumb/v8-m.main+fp/hard/libc.a(libc_a-vfprintf.o)
 .debug_info    0x00014a8a      0x148 /usr/lib/gcc/arm-none-eabi/13.2.1/../../../arm-none-eabi/lib/thumb/v8-m.main+fp/hard/libc.a(libc_a-memmove.o)
 .debug_info    0x00014bd2     0x188d /usr/lib/gcc/arm-none-eabi/13.2.1/../../../arm-none-eabi/lib/thumb/v8-m.main+fp/hard/libc.a(libc_a-dtoa.o)
 .debug_info    0x0001645f      0x7cf /usr/lib/gcc/arm-none-eabi/13.2.1/../../../arm-none-eabi/lib/thumb/v8-m.main+fp/hard/libc.a(libc_a-wsetup.o)
 .debug_info    0x00016c2e       0x33 /usr/lib/gcc/arm-none-eabi/13.2.1/../../../arm-none-eabi/lib/thumb/v8-m.main+fp/hard/libc.a(libc_a-memcpy.o)
 .debug_info    0x00016c61      0xbc9 /usr/lib/gcc/arm-none-eabi/13.2.1/../../../arm-none-eabi/lib/thumb/v8-m.main+fp/hard/libc.a(libc_a-reallocr.o)
 .debug_info    0x0001782a      0x7ff /usr/lib/gcc/arm-none-eabi/13.2.1/../../../arm-none-eabi/lib/thumb/v8-m.main+fp/hard/libc.a(libc_a-sprint_r.o)
 .debug_info    0x00018029      0x83d /usr/lib/gcc/arm-none-eabi/13.2.1/../../../arm-none-eabi/lib/thumb/v8-m.main+fp/hard/libc.a(libc_a-assert.o)
 .debug_info    0x00018866     0x1e45 /usr/lib/gcc/arm-none-eabi/13.2.1/../../../arm-none-eabi/lib/thumb/v8-m.main+fp/hard/libc.a(libc_a-mprec.o)
 .debug_info    0x0001a6ab      0xa2c /usr/lib/gcc/arm-none-eabi/13.2.1/../../../arm-none-eabi/lib/thumb/v8-m.main+fp/hard/libc.a(libc_a-localeconv.o)
 .debug_info    0x0001b0d7      0xc08 /usr/lib/gcc/arm-none-eabi/13.2.1/../../../arm-none-eabi/lib/thumb/v8-m.main+fp/hard/libc.a(libc_a-makebuf.o)
 .debug_info    0x0001bcdf      0xbd7 /usr/lib/gcc/arm-none-eabi/13.2.1/../../../arm-none-eabi/lib/thumb/v8-m.main+fp/hard/libc.a(libc_a-locale.o)
 .debug_info    0x0001c8b6      0xace /usr/lib/gcc/arm-none-eabi/13.2.1/../../../arm-none-eabi/lib/thumb/v8-m.main+fp/hard/libc.a(libc_a-mbtowc_r.o)
 .debug_info    0x0001d384       0xd8 /usr/lib/gcc/arm-none-eabi/13.2.1/../../../arm-none-eabi/lib/thumb/v8-m.main+fp/hard/libc.a(libc_a-abort.o)
 .debug_info    0x0001d45c      0x8d9 /usr/lib/gcc/arm-none-eabi/13.2.1/../../../arm-none-eabi/lib/thumb/v8-m.main+fp/hard/libc.a(libc_a-callocr.o)
 .debug_info    0x0001dd35      0x872 /usr/lib/gcc/arm-none-eabi/13.2.1/../../../arm-none-eabi/lib/thumb/v8-m.main+fp/hard/libc.a(libc_a-fiprintf.o)
 .debug_info    0x0001e5a7      0xa8e /usr/lib/gcc/arm-none-eabi/13.2.1/../../../arm-none-eabi/lib/thumb/v8-m.main+fp/hard/libc.a(libc_a-wctomb_r.o)
 .debug_info    0x0001f035      0x995 /usr/lib/gcc/arm-none-eabi/13.2.1/../../../arm-none-eabi/lib/thumb/v8-m.main+fp/hard/libc.a(libc_a-fstatr.o)
 .debug_info    0x0001f9ca      0x770 /usr/lib/gcc/arm-none-eabi/13.2.1/../../../arm-none-eabi/lib/thumb/v8-m.main+fp/hard/libc.a(libc_a-isattyr.o)
 .debug_info    0x0002013a       0xb9 /usr/lib/gcc/arm-none-eabi/13.2.1/../../../arm-none-eabi/lib/thumb/v8-m.main+fp/hard/libc.a(libc_a-ctype_.o)
 .debug_info    0x000201f3      0xc57 /usr/lib/gcc/arm-none-eabi/13.2.1/../../../arm-none-eabi/lib/thumb/v8-m.main+fp/hard/libc.a(libc_a-signal.o)
 .debug_info    0x00020e4a      0x7fd /usr/lib/gcc/arm-none-eabi/13.2.1/../../../arm-none-eabi/lib/thumb/v8-m.main+fp/hard/libc.a(libc_a-signalr.o)
 .debug_info    0x00021647     0x120d /usr/lib/gcc/arm-none-eabi/13.2.1/../../../arm-none-eabi/lib/thumb/v8-m.main+fp/hard/libc.a(libc_a-vfiprintf.o)
 .debug_info    0x00022854       0xd3 /usr/lib/gcc/arm-none-eabi/13.2.1/thumb/v8-m.main+fp/hard/libgcc.a(_arm_addsubdf3.o)
 .debug_info    0x00022927       0x57 /usr/lib/gcc/arm-none-eabi/13.2.1/thumb/v8-m.main+fp/hard/libgcc.a(_arm_muldivdf3.o)
 .debug_info    0x0002297e       0xdf /usr/lib/gcc/arm-none-eabi/13.2.1/thumb/v8-m.main+fp/hard/libgcc.a(_arm_cmpdf2.o)
 .debug_info    0x00022a5d       0x3c /usr/lib/gcc/arm-none-eabi/13.2.1/thumb/v8-m.main+fp/hard/libgcc.a(_arm_unorddf2.o)
 .debug_info    0x00022a99       0x3c /usr/lib/gcc/arm-none-eabi/13.2.1/thumb/v8-m.main+fp/hard/libgcc.a(_arm_fixdfsi.o)
 .debug_info    0x00022ad5       0xa7 /usr/lib/gcc/arm-none-eabi/13.2.1/../../../arm-none-eabi/lib/thumb/v8-m.main+fp/hard/librdimon.a(arm_librdimon_a-_exit.o)
 .debug_info    0x00022b7c      0x248 /usr/lib/gcc/arm-none-eabi/13.2.1/../../../arm-none-eabi/lib/thumb/v8-m.main+fp/hard/librdimon.a(arm_librdimon_a-_kill.o)
 .debug_info    0x00022dc4     0x2d48 /usr/lib/gcc/arm-none-eabi/13.2.1/../../../arm-none-eabi/lib/thumb/v8-m.main+fp/hard/librdimon.a(arm_librdimon_a-syscalls.o)

.debug_abbrev   0x00000000     0x83f2
 .debug_abbrev  0x00000000      0x256 build/main.o
 .debug_abbrev  0x00000256       0x80 build/stm32u5xx_it.o
 .debug_abbrev  0x000002d6       0xc8 build/stm32u5xx_hal_msp.o
 .debug_abbrev  0x0000039e      0x3ca build/stm32u5xx_hal_cortex.o
 .debug_abbrev  0x00000768      0x2d0 build/stm32u5xx_hal.o
 .debug_abbrev  0x00000a38      0x2be build/stm32u5xx_hal_rcc.o
 .debug_abbrev  0x00000cf6      0x243 build/stm32u5xx_hal_pwr_ex.o
 .debug_abbrev  0x00000f39      0x11b build/system_stm32u5xx.o
 .debug_abbrev  0x00001054       0x1d build/startup_stm32u575xx.o
 .debug_abbrev  0x00001071       0xb7 /usr/lib/gcc/arm-none-eabi/13.2.1/../../../arm-none-eabi/lib/thumb/v8-m.main+fp/hard/libc.a(libc_a-memset.o)
 .debug_abbrev  0x00001128       0xc9 /usr/lib/gcc/arm-none-eabi/13.2.1/../../../arm-none-eabi/lib/thumb/v8-m.main+fp/hard/libc.a(libc_a-init.o)
 .debug_abbrev  0x000011f1       0xc1 /usr/lib/gcc/arm-none-eabi/13.2.1/../../../arm-none-eabi/lib/thumb/v8-m.main+fp/hard/libc.a(libc_a-atexit.o)
 .debug_abbrev  0x000012b2       0xcc /usr/lib/gcc/arm-none-eabi/13.2.1/../../../arm-none-eabi/lib/thumb/v8-m.main+fp/hard/libc.a(libc_a-fini.o)
 .debug_abbrev  0x0000137e      0x1dd /usr/lib/gcc/arm-none-eabi/13.2.1/../../../arm-none-eabi/lib/thumb/v8-m.main+fp/hard/libc.a(libc_a-__call_atexit.o)
 .debug_abbrev  0x0000155b      0x157 /usr/lib/gcc/arm-none-eabi/13.2.1/../../../arm-none-eabi/lib/thumb/v8-m.main+fp/hard/libc.a(libc_a-__atexit.o)
 .debug_abbrev  0x000016b2      0x446 /usr/lib/gcc/arm-none-eabi/13.2.1/../../../arm-none-eabi/lib/thumb/v8-m.main+fp/hard/libc.a(libc_a-findfp.o)
 .debug_abbrev  0x00001af8      0x1d9 /usr/lib/gcc/arm-none-eabi/13.2.1/../../../arm-none-eabi/lib/thumb/v8-m.main+fp/hard/libc.a(libc_a-fwalk.o)
 .debug_abbrev  0x00001cd1      0x185 /usr/lib/gcc/arm-none-eabi/13.2.1/../../../arm-none-eabi/lib/thumb/v8-m.main+fp/hard/libc.a(libc_a-impure.o)
 .debug_abbrev  0x00001e56      0x2d7 /usr/lib/gcc/arm-none-eabi/13.2.1/../../../arm-none-eabi/lib/thumb/v8-m.main+fp/hard/libc.a(libc_a-mallocr.o)
 .debug_abbrev  0x0000212d      0x27f /usr/lib/gcc/arm-none-eabi/13.2.1/../../../arm-none-eabi/lib/thumb/v8-m.main+fp/hard/libc.a(libc_a-freer.o)
 .debug_abbrev  0x000023ac      0x2ed /usr/lib/gcc/arm-none-eabi/13.2.1/../../../arm-none-eabi/lib/thumb/v8-m.main+fp/hard/libc.a(libc_a-fclose.o)
 .debug_abbrev  0x00002699       0x80 /usr/lib/gcc/arm-none-eabi/13.2.1/../../../arm-none-eabi/lib/thumb/v8-m.main+fp/hard/libc.a(libc_a-sysconf.o)
 .debug_abbrev  0x00002719      0x260 /usr/lib/gcc/arm-none-eabi/13.2.1/../../../arm-none-eabi/lib/thumb/v8-m.main+fp/hard/libc.a(libc_a-stdio.o)
 .debug_abbrev  0x00002979      0x1f1 /usr/lib/gcc/arm-none-eabi/13.2.1/../../../arm-none-eabi/lib/thumb/v8-m.main+fp/hard/libc.a(libc_a-writer.o)
 .debug_abbrev  0x00002b6a      0x1ce /usr/lib/gcc/arm-none-eabi/13.2.1/../../../arm-none-eabi/lib/thumb/v8-m.main+fp/hard/libc.a(libc_a-mlock.o)
 .debug_abbrev  0x00002d38      0x216 /usr/lib/gcc/arm-none-eabi/13.2.1/../../../arm-none-eabi/lib/thumb/v8-m.main+fp/hard/libc.a(libc_a-sbrkr.o)
 .debug_abbrev  0x00002f4e      0x1ec /usr/lib/gcc/arm-none-eabi/13.2.1/../../../arm-none-eabi/lib/thumb/v8-m.main+fp/hard/libc.a(libc_a-closer.o)
 .debug_abbrev  0x0000313a      0x322 /usr/lib/gcc/arm-none-eabi/13.2.1/../../../arm-none-eabi/lib/thumb/v8-m.main+fp/hard/libc.a(libc_a-fflush.o)
 .debug_abbrev  0x0000345c      0x19a /usr/lib/gcc/arm-none-eabi/13.2.1/../../../arm-none-eabi/lib/thumb/v8-m.main+fp/hard/libc.a(libc_a-errno.o)
 .debug_abbrev  0x000035f6      0x1ec /usr/lib/gcc/arm-none-eabi/13.2.1/../../../arm-none-eabi/lib/thumb/v8-m.main+fp/hard/libc.a(libc_a-readr.o)
 .debug_abbrev  0x000037e2      0x200 /usr/lib/gcc/arm-none-eabi/13.2.1/../../../arm-none-eabi/lib/thumb/v8-m.main+fp/hard/libc.a(libc_a-lseekr.o)
 .debug_abbrev  0x000039e2      0x22a /usr/lib/gcc/arm-none-eabi/13.2.1/../../../arm-none-eabi/lib/thumb/v8-m.main+fp/hard/libc.a(libc_a-reent.o)
 .debug_abbrev  0x00003c0c      0x13d build/hil_test.o
 .debug_abbrev  0x00003d49      0x274 /usr/lib/gcc/arm-none-eabi/13.2.1/../../../arm-none-eabi/lib/thumb/v8-m.main+fp/hard/libc.a(libc_a-puts.o)
 .debug_abbrev  0x00003fbd      0x257 /usr/lib/gcc/arm-none-eabi/13.2.1/../../../arm-none-eabi/lib/thumb/v8-m.main+fp/hard/libc.a(libc_a-fvwrite.o)
 .debug_abbrev  0x00004214       0x78 /usr/lib/gcc/arm-none-eabi/13.2.1/../../../arm-none-eabi/lib/thumb/v8-m.main+fp/hard/libc.a(libc_a-strlen-stub.o)
 .debug_abbrev  0x0000428c      0x256 /usr/lib/gcc/arm-none-eabi/13.2.1/../../../arm-none-eabi/lib/thumb/v8-m.main+fp/hard/libc.a(libc_a-printf.o)
 .debug_abbrev  0x000044e2       0xc7 /usr/lib/gcc/arm-none-eabi/13.2.1/../../../arm-none-eabi/lib/thumb/v8-m.main+fp/hard/libc.a(libc_a-memchr-stub.o)
 .debug_abbrev  0x000045a9      0x4e2 /usr/lib/gcc/arm-none-eabi/13.2.1/../../../arm-none-eabi/lib/thumb/v8-m.main+fp/hard/libc.a(libc_a-vfprintf.o)
 .debug_abbrev  0x00004a8b       0xc3 /usr/lib/gcc/arm-none-eabi/13.2.1/../../../arm-none-eabi/lib/thumb/v8-m.main+fp/hard/libc.a(libc_a-memmove.o)
 .debug_abbrev  0x00004b4e      0x364 /usr/lib/gcc/arm-none-eabi/13.2.1/../../../arm-none-eabi/lib/thumb/v8-m.main+fp/hard/libc.a(libc_a-dtoa.o)
 .debug_abbrev  0x00004eb2      0x21e /usr/lib/gcc/arm-none-eabi/13.2.1/../../../arm-none-eabi/lib/thumb/v8-m.main+fp/hard/libc.a(libc_a-wsetup.o)
 .debug_abbrev  0x000050d0       0x28 /usr/lib/gcc/arm-none-eabi/13.2.1/../../../arm-none-eabi/lib/thumb/v8-m.main+fp/hard/libc.a(libc_a-memcpy.o)
 .debug_abbrev  0x000050f8      0x2a3 /usr/lib/gcc/arm-none-eabi/13.2.1/../../../arm-none-eabi/lib/thumb/v8-m.main+fp/hard/libc.a(libc_a-reallocr.o)
 .debug_abbrev  0x0000539b      0x1d4 /usr/lib/gcc/arm-none-eabi/13.2.1/../../../arm-none-eabi/lib/thumb/v8-m.main+fp/hard/libc.a(libc_a-sprint_r.o)
 .debug_abbrev  0x0000556f      0x226 /usr/lib/gcc/arm-none-eabi/13.2.1/../../../arm-none-eabi/lib/thumb/v8-m.main+fp/hard/libc.a(libc_a-assert.o)
 .debug_abbrev  0x00005795      0x502 /usr/lib/gcc/arm-none-eabi/13.2.1/../../../arm-none-eabi/lib/thumb/v8-m.main+fp/hard/libc.a(libc_a-mprec.o)
 .debug_abbrev  0x00005c97      0x26a /usr/lib/gcc/arm-none-eabi/13.2.1/../../../arm-none-eabi/lib/thumb/v8-m.main+fp/hard/libc.a(libc_a-localeconv.o)
 .debug_abbrev  0x00005f01      0x2c1 /usr/lib/gcc/arm-none-eabi/13.2.1/../../../arm-none-eabi/lib/thumb/v8-m.main+fp/hard/libc.a(libc_a-makebuf.o)
 .debug_abbrev  0x000061c2      0x2d9 /usr/lib/gcc/arm-none-eabi/13.2.1/../../../arm-none-eabi/lib/thumb/v8-m.main+fp/hard/libc.a(libc_a-locale.o)
 .debug_abbrev  0x0000649b      0x244 /usr/lib/gcc/arm-none-eabi/13.2.1/../../../arm-none-eabi/lib/thumb/v8-m.main+fp/hard/libc.a(libc_a-mbtowc_r.o)
 .debug_abbrev  0x000066df       0x99 /usr/lib/gcc/arm-none-eabi/13.2.1/../../../arm-none-eabi/lib/thumb/v8-m.main+fp/hard/libc.a(libc_a-abort.o)
 .debug_abbrev  0x00006778      0x25b /usr/lib/gcc/arm-none-eabi/13.2.1/../../../arm-none-eabi/lib/thumb/v8-m.main+fp/hard/libc.a(libc_a-callocr.o)
 .debug_abbrev  0x000069d3      0x252 /usr/lib/gcc/arm-none-eabi/13.2.1/../../../arm-none-eabi/lib/thumb/v8-m.main+fp/hard/libc.a(libc_a-fiprintf.o)
 .debug_abbrev  0x00006c25      0x23d /usr/lib/gcc/arm-none-eabi/13.2.1/../../../arm-none-eabi/lib/thumb/v8-m.main+fp/hard/libc.a(libc_a-wctomb_r.o)
 .debug_abbrev  0x00006e62      0x1ff /usr/lib/gcc/arm-none-eabi/13.2.1/../../../arm-none-eabi/lib/thumb/v8-m.main+fp/hard/libc.a(libc_a-fstatr.o)
 .debug_abbrev  0x00007061      0x1ec /usr/lib/gcc/arm-none-eabi/13.2.1/../../../arm-none-eabi/lib/thumb/v8-m.main+fp/hard/libc.a(libc_a-isattyr.o)
 .debug_abbrev  0x0000724d       0x62 /usr/lib/gcc/arm-none-eabi/13.2.1/../../../arm-none-eabi/lib/thumb/v8-m.main+fp/hard/libc.a(libc_a-ctype_.o)
 .debug_abbrev  0x000072af      0x313 /usr/lib/gcc/arm-none-eabi/13.2.1/../../../arm-none-eabi/lib/thumb/v8-m.main+fp/hard/libc.a(libc_a-signal.o)
 .debug_abbrev  0x000075c2      0x239 /usr/lib/gcc/arm-none-eabi/13.2.1/../../../arm-none-eabi/lib/thumb/v8-m.main+fp/hard/libc.a(libc_a-signalr.o)
 .debug_abbrev  0x000077fb      0x3d6 /usr/lib/gcc/arm-none-eabi/13.2.1/../../../arm-none-eabi/lib/thumb/v8-m.main+fp/hard/libc.a(libc_a-vfiprintf.o)
 .debug_abbrev  0x00007bd1       0x28 /usr/lib/gcc/arm-none-eabi/13.2.1/thumb/v8-m.main+fp/hard/libgcc.a(_arm_addsubdf3.o)
 .debug_abbrev  0x00007bf9       0x28 /usr/lib/gcc/arm-none-eabi/13.2.1/thumb/v8-m.main+fp/hard/libgcc.a(_arm_muldivdf3.o)
 .debug_abbrev  0x00007c21       0x28 /usr/lib/gcc/arm-none-eabi/13.2.1/thumb/v8-m.main+fp/hard/libgcc.a(_arm_cmpdf2.o)
 .debug_abbrev  0x00007c49       0x28 /usr/lib/gcc/arm-none-eabi/13.2.1/thumb/v8-m.main+fp/hard/libgcc.a(_arm_unorddf2.o)
 .debug_abbrev  0x00007c71       0x28 /usr/lib/gcc/arm-none-eabi/13.2.1/thumb/v8-m.main+fp/hard/libgcc.a(_arm_fixdfsi.o)
 .debug_abbrev  0x00007c99       0x8e /usr/lib/gcc/arm-none-eabi/13.2.1/../../../arm-none-eabi/lib/thumb/v8-m.main+fp/hard/librdimon.a(arm_librdimon_a-_exit.o)
 .debug_abbrev  0x00007d27      0x176 /usr/lib/gcc/arm-none-eabi/13.2.1/../../../arm-none-eabi/lib/thumb/v8-m.main+fp/hard/librdimon.a(arm_librdimon_a-_kill.o)
 .debug_abbrev  0x00007e9d      0x555 /usr/lib/gcc/arm-none-eabi/13.2.1/../../../arm-none-eabi/lib/thumb/v8-m.main+fp/hard/librdimon.a(arm_librdimon_a-syscalls.o)

.debug_loc      0x00000000     0x300c
 .debug_loc     0x00000000       0x92 build/main.o
 .debug_loc     0x00000092       0x20 build/stm32u5xx_it.o
 .debug_loc     0x000000b2       0x2c build/stm32u5xx_hal_msp.o
 .debug_loc     0x000000de      0xa40 build/stm32u5xx_hal_cortex.o
 .debug_loc     0x00000b1e      0x387 build/stm32u5xx_hal.o
 .debug_loc     0x00000ea5      0xff3 build/stm32u5xx_hal_rcc.o
 .debug_loc     0x00001e98      0xf8c build/stm32u5xx_hal_pwr_ex.o
 .debug_loc     0x00002e24      0x175 build/system_stm32u5xx.o
 .debug_loc     0x00002f99       0x73 build/hil_test.o

.debug_aranges  0x00000000      0xd88
 .debug_aranges
                0x00000000       0x40 build/main.o
 .debug_aranges
                0x00000040       0x60 build/stm32u5xx_it.o
 .debug_aranges
                0x000000a0       0x20 build/stm32u5xx_hal_msp.o
 .debug_aranges
                0x000000c0      0x110 build/stm32u5xx_hal_cortex.o
 .debug_aranges
                0x000001d0      0x148 build/stm32u5xx_hal.o
 .debug_aranges
                0x00000318       0xa8 build/stm32u5xx_hal_rcc.o
 .debug_aranges
                0x000003c0      0x200 build/stm32u5xx_hal_pwr_ex.o
 .debug_aranges
                0x000005c0       0x28 build/system_stm32u5xx.o
 .debug_aranges
                0x000005e8       0x28 build/startup_stm32u575xx.o
 .debug_aranges
                0x00000610       0x20 /usr/lib/gcc/arm-none-eabi/13.2.1/../../../arm-none-eabi/lib/thumb/v8-m.main+fp/hard/libc.a(libc_a-memset.o)
 .debug_aranges
                0x00000630       0x20 /usr/lib/gcc/arm-none-eabi/13.2.1/../../../arm-none-eabi/lib/thumb/v8-m.main+fp/hard/libc.a(libc_a-init.o)
 .debug_aranges
                0x00000650       0x20 /usr/lib/gcc/arm-none-eabi/13.2.1/../../../arm-none-eabi/lib/thumb/v8-m.main+fp/hard/libc.a(libc_a-atexit.o)
 .debug_aranges
                0x00000670       0x20 /usr/lib/gcc/arm-none-eabi/13.2.1/../../../arm-none-eabi/lib/thumb/v8-m.main+fp/hard/libc.a(libc_a-fini.o)
 .debug_aranges
                0x00000690       0x28 /usr/lib/gcc/arm-none-eabi/13.2.1/../../../arm-none-eabi/lib/thumb/v8-m.main+fp/hard/libc.a(libc_a-__call_atexit.o)
 .debug_aranges
                0x000006b8       0x20 /usr/lib/gcc/arm-none-eabi/13.2.1/../../../arm-none-eabi/lib/thumb/v8-m.main+fp/hard/libc.a(libc_a-__atexit.o)
 .debug_aranges
                0x000006d8       0x20 /usr/lib/gcc/arm-none-eabi/13.2.1/../../../arm-none-eabi/lib/thumb/v8-m.main+fp/hard/libc.a(libc_a-findfp.o)
 .debug_aranges
                0x000006f8       0x20 /usr/lib/gcc/arm-none-eabi/13.2.1/../../../arm-none-eabi/lib/thumb/v8-m.main+fp/hard/libc.a(libc_a-fwalk.o)
 .debug_aranges
                0x00000718       0x18 /usr/lib/gcc/arm-none-eabi/13.2.1/../../../arm-none-eabi/lib/thumb/v8-m.main+fp/hard/libc.a(libc_a-impure.o)
 .debug_aranges
                0x00000730       0x20 /usr/lib/gcc/arm-none-eabi/13.2.1/../../../arm-none-eabi/lib/thumb/v8-m.main+fp/hard/libc.a(libc_a-mallocr.o)
 .debug_aranges
                0x00000750       0x20 /usr/lib/gcc/arm-none-eabi/13.2.1/../../../arm-none-eabi/lib/thumb/v8-m.main+fp/hard/libc.a(libc_a-freer.o)
 .debug_aranges
                0x00000770       0x20 /usr/lib/gcc/arm-none-eabi/13.2.1/../../../arm-none-eabi/lib/thumb/v8-m.main+fp/hard/libc.a(libc_a-fclose.o)
 .debug_aranges
                0x00000790       0x20 /usr/lib/gcc/arm-none-eabi/13.2.1/../../../arm-none-eabi/lib/thumb/v8-m.main+fp/hard/libc.a(libc_a-sysconf.o)
 .debug_aranges
                0x000007b0       0x20 /usr/lib/gcc/arm-none-eabi/13.2.1/../../../arm-none-eabi/lib/thumb/v8-m.main+fp/hard/libc.a(libc_a-stdio.o)
 .debug_aranges
                0x000007d0       0x20 /usr/lib/gcc/arm-none-eabi/13.2.1/../../../arm-none-eabi/lib/thumb/v8-m.main+fp/hard/libc.a(libc_a-writer.o)
 .debug_aranges
                0x000007f0       0x20 /usr/lib/gcc/arm-none-eabi/13.2.1/../../../arm-none-eabi/lib/thumb/v8-m.main+fp/hard/libc.a(libc_a-mlock.o)
 .debug_aranges
                0x00000810       0x20 /usr/lib/gcc/arm-none-eabi/13.2.1/../../../arm-none-eabi/lib/thumb/v8-m.main+fp/hard/libc.a(libc_a-sbrkr.o)
 .debug_aranges
                0x00000830       0x20 /usr/lib/gcc/arm-none-eabi/13.2.1/../../../arm-none-eabi/lib/thumb/v8-m.main+fp/hard/libc.a(libc_a-closer.o)
 .debug_aranges
                0x00000850       0x20 /usr/lib/gcc/arm-none-eabi/13.2.1/../../../arm-none-eabi/lib/thumb/v8-m.main+fp/hard/libc.a(libc_a-fflush.o)
 .debug_aranges
                0x00000870       0x20 /usr/lib/gcc/arm-none-eabi/13.2.1/../../../arm-none-eabi/lib/thumb/v8-m.main+fp/hard/libc.a(libc_a-errno.o)
 .debug_aranges
                0x00000890       0x20 /usr/lib/gcc/arm-none-eabi/13.2.1/../../../arm-none-eabi/lib/thumb/v8-m.main+fp/hard/libc.a(libc_a-readr.o)
 .debug_aranges
                0x000008b0       0x20 /usr/lib/gcc/arm-none-eabi/13.2.1/../../../arm-none-eabi/lib/thumb/v8-m.main+fp/hard/libc.a(libc_a-lseekr.o)
 .debug_aranges
                0x000008d0       0x20 /usr/lib/gcc/arm-none-eabi/13.2.1/../../../arm-none-eabi/lib/thumb/v8-m.main+fp/hard/libc.a(libc_a-reent.o)
 .debug_aranges
                0x000008f0       0x20 build/hil_test.o
 .debug_aranges
                0x00000910       0x20 /usr/lib/gcc/arm-none-eabi/13.2.1/../../../arm-none-eabi/lib/thumb/v8-m.main+fp/hard/libc.a(libc_a-puts.o)
 .debug_aranges
                0x00000930       0x20 /usr/lib/gcc/arm-none-eabi/13.2.1/../../../arm-none-eabi/lib/thumb/v8-m.main+fp/hard/libc.a(libc_a-fvwrite.o)
 .debug_aranges
                0x00000950       0x20 /usr/lib/gcc/arm-none-eabi/13.2.1/../../../arm-none-eabi/lib/thumb/v8-m.main+fp/hard/libc.a(libc_a-strlen-stub.o)
 .debug_aranges
                0x00000970       0x20 /usr/lib/gcc/arm-none-eabi/13.2.1/../../../arm-none-eabi/lib/thumb/v8-m.main+fp/hard/libc.a(libc_a-printf.o)
 .debug_aranges
                0x00000990       0x20 /usr/lib/gcc/arm-none-eabi/13.2.1/../../../arm-none-eabi/lib/thumb/v8-m.main+fp/hard/libc.a(libc_a-memchr-stub.o)
 .debug_aranges
                0x000009b0       0x20 /usr/lib/gcc/arm-none-eabi/13.2.1/../../../arm-none-eabi/lib/thumb/v8-m.main+fp/hard/libc.a(libc_a-vfprintf.o)
 .debug_aranges
                0x000009d0       0x20 /usr/lib/gcc/arm-none-eabi/13.2.1/../../../arm-none-eabi/lib/thumb/v8-m.main+fp/hard/libc.a(libc_a-memmove.o)
 .debug_aranges
                0x000009f0       0x20 /usr/lib/gcc/arm-none-eabi/13.2.1/../../../arm-none-eabi/lib/thumb/v8-m.main+fp/hard/libc.a(libc_a-dtoa.o)
 .debug_aranges
                0x00000a10       0x20 /usr/lib/gcc/arm-none-eabi/13.2.1/../../../arm-none-eabi/lib/thumb/v8-m.main+fp/hard/libc.a(libc_a-wsetup.o)
 .debug_aranges
                0x00000a30       0x20 /usr/lib/gcc/arm-none-eabi/13.2.1/../../../arm-none-eabi/lib/thumb/v8-m.main+fp/hard/libc.a(libc_a-memcpy.o)
 .debug_aranges
                0x00000a50       0x20 /usr/lib/gcc/arm-none-eabi/13.2.1/../../../arm-none-eabi/lib/thumb/v8-m.main+fp/hard/libc.a(libc_a-reallocr.o)
 .debug_aranges
                0x00000a70       0x20 /usr/lib/gcc/arm-none-eabi/13.2.1/../../../arm-none-eabi/lib/thumb/v8-m.main+fp/hard/libc.a(libc_a-sprint_r.o)
 .debug_aranges
                0x00000a90       0x20 /usr/lib/gcc/arm-none-eabi/13.2.1/../../../arm-none-eabi/lib/thumb/v8-m.main+fp/hard/libc.a(libc_a-assert.o)
 .debug_aranges
                0x00000ab0       0x20 /usr/lib/gcc/arm-none-eabi/13.2.1/../../../arm-none-eabi/lib/thumb/v8-m.main+fp/hard/libc.a(libc_a-mprec.o)
 .debug_aranges
                0x00000ad0       0x20 /usr/lib/gcc/arm-none-eabi/13.2.1/../../../arm-none-eabi/lib/thumb/v8-m.main+fp/hard/libc.a(libc_a-localeconv.o)
 .debug_aranges
                0x00000af0       0x20 /usr/lib/gcc/arm-none-eabi/13.2.1/../../../arm-none-eabi/lib/thumb/v8-m.main+fp/hard/libc.a(libc_a-makebuf.o)
 .debug_aranges
                0x00000b10       0x20 /usr/lib/gcc/arm-none-eabi/13.2.1/../../../arm-none-eabi/lib/thumb/v8-m.main+fp/hard/libc.a(libc_a-locale.o)
 .debug_aranges
                0x00000b30       0x20 /usr/lib/gcc/arm-none-eabi/13.2.1/../../../arm-none-eabi/lib/thumb/v8-m.main+fp/hard/libc.a(libc_a-mbtowc_r.o)
 .debug_aranges
                0x00000b50       0x20 /usr/lib/gcc/arm-none-eabi/13.2.1/../../../arm-none-eabi/lib/thumb/v8-m.main+fp/hard/libc.a(libc_a-abort.o)
 .debug_aranges
                0x00000b70       0x20 /usr/lib/gcc/arm-none-eabi/13.2.1/../../../arm-none-eabi/lib/thumb/v8-m.main+fp/hard/libc.a(libc_a-callocr.o)
 .debug_aranges
                0x00000b90       0x20 /usr/lib/gcc/arm-none-eabi/13.2.1/../../../arm-none-eabi/lib/thumb/v8-m.main+fp/hard/libc.a(libc_a-fiprintf.o)
 .debug_aranges
                0x00000bb0       0x20 /usr/lib/gcc/arm-none-eabi/13.2.1/../../../arm-none-eabi/lib/thumb/v8-m.main+fp/hard/libc.a(libc_a-wctomb_r.o)
 .debug_aranges
                0x00000bd0       0x20 /usr/lib/gcc/arm-none-eabi/13.2.1/../../../arm-none-eabi/lib/thumb/v8-m.main+fp/hard/libc.a(libc_a-fstatr.o)
 .debug_aranges
                0x00000bf0       0x20 /usr/lib/gcc/arm-none-eabi/13.2.1/../../../arm-none-eabi/lib/thumb/v8-m.main+fp/hard/libc.a(libc_a-isattyr.o)
 .debug_aranges
                0x00000c10       0x18 /usr/lib/gcc/arm-none-eabi/13.2.1/../../../arm-none-eabi/lib/thumb/v8-m.main+fp/hard/libc.a(libc_a-ctype_.o)
 .debug_aranges